[     138ms] [LOG] [Fast Refresh] rebuilding @ http://localhost:3000/_next/static/chunks/node_modules_next_dist_115brz8._.js:2431
[     376ms] [LOG] [Fast Refresh] done in 347ms @ http://localhost:3000/_next/static/chunks/node_modules_next_dist_115brz8._.js:2431
[     745ms] [INFO] %cDownload the React DevTools for a better development experience: https://react.dev/link/react-devtools font-weight:bold @ http://localhost:3000/_next/static/chunks/node_modules_next_dist_115brz8._.js:2431
[     914ms] [LOG] [HMR] connected @ http://localhost:3000/_next/static/chunks/node_modules_next_dist_115brz8._.js:2431
[    1012ms] [LOG] [RQ] user ["auth","me"] → FETCH @ http://localhost:3000/_next/static/chunks/node_modules_next_dist_115brz8._.js:2431
[    1014ms] [LOG] [RQ] user ["auth","me"] → FETCH @ http://localhost:3000/_next/static/chunks/node_modules_next_dist_115brz8._.js:2431
[    1028ms] [LOG] [RQ] user ["auth","me"] → FETCH @ http://localhost:3000/_next/static/chunks/node_modules_next_dist_115brz8._.js:2431
[    1029ms] [LOG] [RQ] user ["auth","me"] → FETCH @ http://localhost:3000/_next/static/chunks/node_modules_next_dist_115brz8._.js:2431
[    2688ms] [LOG] [RQ] user ["auth","me"] → FETCH @ http://localhost:3000/_next/static/chunks/node_modules_next_dist_115brz8._.js:2431
[    2689ms] [LOG] [RQ] user ["auth","me"] → FETCH @ http://localhost:3000/_next/static/chunks/node_modules_next_dist_115brz8._.js:2431
[    4098ms] [LOG] [RQ] user ["auth","me"] → CACHE_HIT @ http://localhost:3000/_next/static/chunks/node_modules_next_dist_115brz8._.js:2431
[    4100ms] [LOG] [RQ] user ["auth","me"] → CACHE_HIT @ http://localhost:3000/_next/static/chunks/node_modules_next_dist_115brz8._.js:2431
[   30984ms] [LOG] [RQ] user ["auth","me"] → CACHE_HIT @ http://localhost:3000/_next/static/chunks/node_modules_next_dist_115brz8._.js:2431
[   30985ms] [LOG] [RQ] user ["auth","me"] → CACHE_HIT @ http://localhost:3000/_next/static/chunks/node_modules_next_dist_115brz8._.js:2431
[   31307ms] [LOG] [RQ] static ["admin","organization","detail"] → FETCH @ http://localhost:3000/_next/static/chunks/node_modules_next_dist_115brz8._.js:2431
[   31309ms] [LOG] [RQ] static ["admin","organization","detail"] → FETCH @ http://localhost:3000/_next/static/chunks/node_modules_next_dist_115brz8._.js:2431
[   31399ms] [WARNING] [useAsyncQuery] Missing meta.preset for key "["admin","organization","detail"]". Defaulting to "list". Add meta: { preset: 'static' | 'user' | 'list' | 'detail' | 'realtime' }. @ http://localhost:3000/_next/static/chunks/node_modules_next_dist_115brz8._.js:2431
[   31400ms] [LOG] [RQ] list ["admin","organization","detail"] → FETCH @ http://localhost:3000/_next/static/chunks/node_modules_next_dist_115brz8._.js:2431
[   31400ms] [WARNING] [useAsyncQuery] Missing meta.preset for key "["admin","organization","detail"]". Defaulting to "list". Add meta: { preset: 'static' | 'user' | 'list' | 'detail' | 'realtime' }. @ http://localhost:3000/_next/static/chunks/node_modules_next_dist_115brz8._.js:2431
[   31401ms] [LOG] [RQ] list ["admin","organization","detail"] → FETCH @ http://localhost:3000/_next/static/chunks/node_modules_next_dist_115brz8._.js:2431
[   31779ms] [LOG] [Fast Refresh] rebuilding @ http://localhost:3000/_next/static/chunks/node_modules_next_dist_115brz8._.js:2431
[   31803ms] [LOG] [Fast Refresh] done in 181ms @ http://localhost:3000/_next/static/chunks/node_modules_next_dist_115brz8._.js:2431
[   31915ms] [LOG] [RQ] static ["admin","organization","detail"] → CACHE_HIT @ http://localhost:3000/_next/static/chunks/node_modules_next_dist_115brz8._.js:2431
[   31916ms] [LOG] [RQ] static ["admin","organization","detail"] → CACHE_HIT @ http://localhost:3000/_next/static/chunks/node_modules_next_dist_115brz8._.js:2431
[   31917ms] [WARNING] [useAsyncQuery] Missing meta.preset for key "["admin","organization","detail"]". Defaulting to "list". Add meta: { preset: 'static' | 'user' | 'list' | 'detail' | 'realtime' }. @ http://localhost:3000/_next/static/chunks/node_modules_next_dist_115brz8._.js:2431
[   31918ms] [LOG] [RQ] list ["admin","organization","detail"] → CACHE_HIT @ http://localhost:3000/_next/static/chunks/node_modules_next_dist_115brz8._.js:2431
[   31919ms] [WARNING] [useAsyncQuery] Missing meta.preset for key "["admin","organization","detail"]". Defaulting to "list". Add meta: { preset: 'static' | 'user' | 'list' | 'detail' | 'realtime' }. @ http://localhost:3000/_next/static/chunks/node_modules_next_dist_115brz8._.js:2431
[   31919ms] [LOG] [RQ] list ["admin","organization","detail"] → CACHE_HIT @ http://localhost:3000/_next/static/chunks/node_modules_next_dist_115brz8._.js:2431
[   32039ms] [WARNING] [useAsyncQuery] Missing meta.preset for key "["admin","schoolYears","list",null]". Defaulting to "list". Add meta: { preset: 'static' | 'user' | 'list' | 'detail' | 'realtime' }. @ http://localhost:3000/_next/static/chunks/node_modules_next_dist_115brz8._.js:2431
[   32040ms] [LOG] [RQ] list ["admin","schoolYears","list",null] → FETCH @ http://localhost:3000/_next/static/chunks/node_modules_next_dist_115brz8._.js:2431
[   32041ms] [WARNING] [useAsyncQuery] Missing meta.preset for key "["admin","organization","detail"]". Defaulting to "list". Add meta: { preset: 'static' | 'user' | 'list' | 'detail' | 'realtime' }. @ http://localhost:3000/_next/static/chunks/node_modules_next_dist_115brz8._.js:2431
[   32042ms] [LOG] [RQ] list ["admin","organization","detail"] → CACHE_HIT @ http://localhost:3000/_next/static/chunks/node_modules_next_dist_115brz8._.js:2431
[   32043ms] [WARNING] [useAsyncQuery] Missing meta.preset for key "["admin","analytics"]". Defaulting to "list". Add meta: { preset: 'static' | 'user' | 'list' | 'detail' | 'realtime' }. @ http://localhost:3000/_next/static/chunks/node_modules_next_dist_115brz8._.js:2431
[   32044ms] [LOG] [RQ] list ["admin","analytics"] → FETCH @ http://localhost:3000/_next/static/chunks/node_modules_next_dist_115brz8._.js:2431
[   32045ms] [WARNING] [useAsyncQuery] Missing meta.preset for key "["admin","analytics","enrollment",1,20]". Defaulting to "list". Add meta: { preset: 'static' | 'user' | 'list' | 'detail' | 'realtime' }. @ http://localhost:3000/_next/static/chunks/node_modules_next_dist_115brz8._.js:2431
[   32046ms] [LOG] [RQ] list ["admin","analytics","enrollment",1,20] → FETCH @ http://localhost:3000/_next/static/chunks/node_modules_next_dist_115brz8._.js:2431
[   32049ms] [WARNING] [useAsyncQuery] Missing meta.preset for key "["admin","schoolYears","list",null]". Defaulting to "list". Add meta: { preset: 'static' | 'user' | 'list' | 'detail' | 'realtime' }. @ http://localhost:3000/_next/static/chunks/node_modules_next_dist_115brz8._.js:2431
[   32050ms] [LOG] [RQ] list ["admin","schoolYears","list",null] → FETCH @ http://localhost:3000/_next/static/chunks/node_modules_next_dist_115brz8._.js:2431
[   32051ms] [WARNING] [useAsyncQuery] Missing meta.preset for key "["admin","organization","detail"]". Defaulting to "list". Add meta: { preset: 'static' | 'user' | 'list' | 'detail' | 'realtime' }. @ http://localhost:3000/_next/static/chunks/node_modules_next_dist_115brz8._.js:2431
[   32051ms] [LOG] [RQ] list ["admin","organization","detail"] → CACHE_HIT @ http://localhost:3000/_next/static/chunks/node_modules_next_dist_115brz8._.js:2431
[   32052ms] [WARNING] [useAsyncQuery] Missing meta.preset for key "["admin","analytics"]". Defaulting to "list". Add meta: { preset: 'static' | 'user' | 'list' | 'detail' | 'realtime' }. @ http://localhost:3000/_next/static/chunks/node_modules_next_dist_115brz8._.js:2431
[   32053ms] [LOG] [RQ] list ["admin","analytics"] → FETCH @ http://localhost:3000/_next/static/chunks/node_modules_next_dist_115brz8._.js:2431
[   32054ms] [WARNING] [useAsyncQuery] Missing meta.preset for key "["admin","analytics","enrollment",1,20]". Defaulting to "list". Add meta: { preset: 'static' | 'user' | 'list' | 'detail' | 'realtime' }. @ http://localhost:3000/_next/static/chunks/node_modules_next_dist_115brz8._.js:2431
[   32055ms] [LOG] [RQ] list ["admin","analytics","enrollment",1,20] → FETCH @ http://localhost:3000/_next/static/chunks/node_modules_next_dist_115brz8._.js:2431
[   32226ms] [WARNING] Detected `scroll-behavior: smooth` on the `<html>` element. To disable smooth scrolling during route transitions, add `data-scroll-behavior="smooth"` to your <html> element. Learn more: https://nextjs.org/docs/messages/missing-data-scroll-behavior @ http://localhost:3000/_next/static/chunks/node_modules_next_dist_115brz8._.js:2431
[   32272ms] [LOG] [Fast Refresh] rebuilding @ http://localhost:3000/_next/static/chunks/node_modules_next_dist_115brz8._.js:2431
[   32293ms] [LOG] [Fast Refresh] done in 206ms @ http://localhost:3000/_next/static/chunks/node_modules_next_dist_115brz8._.js:2431
[   34404ms] [WARNING] [useAsyncQuery] Missing meta.preset for key "["admin","schoolYears","list",null]". Defaulting to "list". Add meta: { preset: 'static' | 'user' | 'list' | 'detail' | 'realtime' }. @ http://localhost:3000/_next/static/chunks/node_modules_next_dist_115brz8._.js:2431
[   34405ms] [LOG] [RQ] list ["admin","schoolYears","list",null] → CACHE_HIT @ http://localhost:3000/_next/static/chunks/node_modules_next_dist_115brz8._.js:2431
[   34406ms] [WARNING] [useAsyncQuery] Missing meta.preset for key "["admin","organization","detail"]". Defaulting to "list". Add meta: { preset: 'static' | 'user' | 'list' | 'detail' | 'realtime' }. @ http://localhost:3000/_next/static/chunks/node_modules_next_dist_115brz8._.js:2431
[   34407ms] [LOG] [RQ] list ["admin","organization","detail"] → CACHE_HIT @ http://localhost:3000/_next/static/chunks/node_modules_next_dist_115brz8._.js:2431
[   34408ms] [WARNING] [useAsyncQuery] Missing meta.preset for key "["admin","analytics"]". Defaulting to "list". Add meta: { preset: 'static' | 'user' | 'list' | 'detail' | 'realtime' }. @ http://localhost:3000/_next/static/chunks/node_modules_next_dist_115brz8._.js:2431
[   34409ms] [LOG] [RQ] list ["admin","analytics"] → FETCH @ http://localhost:3000/_next/static/chunks/node_modules_next_dist_115brz8._.js:2431
[   34411ms] [WARNING] [useAsyncQuery] Missing meta.preset for key "["admin","analytics","enrollment",1,20]". Defaulting to "list". Add meta: { preset: 'static' | 'user' | 'list' | 'detail' | 'realtime' }. @ http://localhost:3000/_next/static/chunks/node_modules_next_dist_115brz8._.js:2431
[   34412ms] [LOG] [RQ] list ["admin","analytics","enrollment",1,20] → FETCH @ http://localhost:3000/_next/static/chunks/node_modules_next_dist_115brz8._.js:2431
[   34414ms] [WARNING] [useAsyncQuery] Missing meta.preset for key "["admin","schoolYears","list",null]". Defaulting to "list". Add meta: { preset: 'static' | 'user' | 'list' | 'detail' | 'realtime' }. @ http://localhost:3000/_next/static/chunks/node_modules_next_dist_115brz8._.js:2431
[   34415ms] [LOG] [RQ] list ["admin","schoolYears","list",null] → CACHE_HIT @ http://localhost:3000/_next/static/chunks/node_modules_next_dist_115brz8._.js:2431
[   34416ms] [WARNING] [useAsyncQuery] Missing meta.preset for key "["admin","organization","detail"]". Defaulting to "list". Add meta: { preset: 'static' | 'user' | 'list' | 'detail' | 'realtime' }. @ http://localhost:3000/_next/static/chunks/node_modules_next_dist_115brz8._.js:2431
[   34417ms] [LOG] [RQ] list ["admin","organization","detail"] → CACHE_HIT @ http://localhost:3000/_next/static/chunks/node_modules_next_dist_115brz8._.js:2431
[   34418ms] [WARNING] [useAsyncQuery] Missing meta.preset for key "["admin","analytics"]". Defaulting to "list". Add meta: { preset: 'static' | 'user' | 'list' | 'detail' | 'realtime' }. @ http://localhost:3000/_next/static/chunks/node_modules_next_dist_115brz8._.js:2431
[   34418ms] [LOG] [RQ] list ["admin","analytics"] → FETCH @ http://localhost:3000/_next/static/chunks/node_modules_next_dist_115brz8._.js:2431
[   34419ms] [WARNING] [useAsyncQuery] Missing meta.preset for key "["admin","analytics","enrollment",1,20]". Defaulting to "list". Add meta: { preset: 'static' | 'user' | 'list' | 'detail' | 'realtime' }. @ http://localhost:3000/_next/static/chunks/node_modules_next_dist_115brz8._.js:2431
[   34420ms] [LOG] [RQ] list ["admin","analytics","enrollment",1,20] → FETCH @ http://localhost:3000/_next/static/chunks/node_modules_next_dist_115brz8._.js:2431
[   34464ms] [WARNING] [useAsyncQuery] Missing meta.preset for key "["admin","schoolYears","list",null]". Defaulting to "list". Add meta: { preset: 'static' | 'user' | 'list' | 'detail' | 'realtime' }. @ http://localhost:3000/_next/static/chunks/node_modules_next_dist_115brz8._.js:2431
[   34465ms] [LOG] [RQ] list ["admin","schoolYears","list",null] → CACHE_HIT @ http://localhost:3000/_next/static/chunks/node_modules_next_dist_115brz8._.js:2431
[   34465ms] [WARNING] [useAsyncQuery] Missing meta.preset for key "["admin","organization","detail"]". Defaulting to "list". Add meta: { preset: 'static' | 'user' | 'list' | 'detail' | 'realtime' }. @ http://localhost:3000/_next/static/chunks/node_modules_next_dist_115brz8._.js:2431
[   34466ms] [LOG] [RQ] list ["admin","organization","detail"] → CACHE_HIT @ http://localhost:3000/_next/static/chunks/node_modules_next_dist_115brz8._.js:2431
[   34466ms] [WARNING] [useAsyncQuery] Missing meta.preset for key "["admin","analytics","detail","e27f44c5-044a-5dda-80d1-ccd4bb324163"]". Defaulting to "list". Add meta: { preset: 'static' | 'user' | 'list' | 'detail' | 'realtime' }. @ http://localhost:3000/_next/static/chunks/node_modules_next_dist_115brz8._.js:2431
[   34467ms] [LOG] [RQ] list ["admin","analytics","detail","e27f44c5-044a-5dda-80d1-ccd4bb324163"] → FETCH @ http://localhost:3000/_next/static/chunks/node_modules_next_dist_115brz8._.js:2431
[   34467ms] [WARNING] [useAsyncQuery] Missing meta.preset for key "["admin","analytics","enrollment","e27f44c5-044a-5dda-80d1-ccd4bb324163",1,20]". Defaulting to "list". Add meta: { preset: 'static' | 'user' | 'list' | 'detail' | 'realtime' }. @ http://localhost:3000/_next/static/chunks/node_modules_next_dist_115brz8._.js:2431
[   34467ms] [LOG] [RQ] list ["admin","analytics","enrollment","e27f44c5-044a-5dda-80d1-ccd4bb324163",1,20] → FETCH @ http://localhost:3000/_next/static/chunks/node_modules_next_dist_115brz8._.js:2431
[   34469ms] [WARNING] [useAsyncQuery] Missing meta.preset for key "["admin","schoolYears","list",null]". Defaulting to "list". Add meta: { preset: 'static' | 'user' | 'list' | 'detail' | 'realtime' }. @ http://localhost:3000/_next/static/chunks/node_modules_next_dist_115brz8._.js:2431
[   34469ms] [LOG] [RQ] list ["admin","schoolYears","list",null] → CACHE_HIT @ http://localhost:3000/_next/static/chunks/node_modules_next_dist_115brz8._.js:2431
[   34470ms] [WARNING] [useAsyncQuery] Missing meta.preset for key "["admin","organization","detail"]". Defaulting to "list". Add meta: { preset: 'static' | 'user' | 'list' | 'detail' | 'realtime' }. @ http://localhost:3000/_next/static/chunks/node_modules_next_dist_115brz8._.js:2431
[   34471ms] [LOG] [RQ] list ["admin","organization","detail"] → CACHE_HIT @ http://localhost:3000/_next/static/chunks/node_modules_next_dist_115brz8._.js:2431
[   34472ms] [WARNING] [useAsyncQuery] Missing meta.preset for key "["admin","analytics","detail","e27f44c5-044a-5dda-80d1-ccd4bb324163"]". Defaulting to "list". Add meta: { preset: 'static' | 'user' | 'list' | 'detail' | 'realtime' }. @ http://localhost:3000/_next/static/chunks/node_modules_next_dist_115brz8._.js:2431
[   34473ms] [LOG] [RQ] list ["admin","analytics","detail","e27f44c5-044a-5dda-80d1-ccd4bb324163"] → FETCH @ http://localhost:3000/_next/static/chunks/node_modules_next_dist_115brz8._.js:2431
[   34474ms] [WARNING] [useAsyncQuery] Missing meta.preset for key "["admin","analytics","enrollment","e27f44c5-044a-5dda-80d1-ccd4bb324163",1,20]". Defaulting to "list". Add meta: { preset: 'static' | 'user' | 'list' | 'detail' | 'realtime' }. @ http://localhost:3000/_next/static/chunks/node_modules_next_dist_115brz8._.js:2431
[   34475ms] [LOG] [RQ] list ["admin","analytics","enrollment","e27f44c5-044a-5dda-80d1-ccd4bb324163",1,20] → FETCH @ http://localhost:3000/_next/static/chunks/node_modules_next_dist_115brz8._.js:2431
[   34515ms] [WARNING] [useAsyncQuery] Missing meta.preset for key "["admin","schoolYears","list",null]". Defaulting to "list". Add meta: { preset: 'static' | 'user' | 'list' | 'detail' | 'realtime' }. @ http://localhost:3000/_next/static/chunks/node_modules_next_dist_115brz8._.js:2431
[   34515ms] [LOG] [RQ] list ["admin","schoolYears","list",null] → CACHE_HIT @ http://localhost:3000/_next/static/chunks/node_modules_next_dist_115brz8._.js:2431
[   34516ms] [WARNING] [useAsyncQuery] Missing meta.preset for key "["admin","organization","detail"]". Defaulting to "list". Add meta: { preset: 'static' | 'user' | 'list' | 'detail' | 'realtime' }. @ http://localhost:3000/_next/static/chunks/node_modules_next_dist_115brz8._.js:2431
[   34516ms] [LOG] [RQ] list ["admin","organization","detail"] → CACHE_HIT @ http://localhost:3000/_next/static/chunks/node_modules_next_dist_115brz8._.js:2431
[   34516ms] [WARNING] [useAsyncQuery] Missing meta.preset for key "["admin","analytics","detail","e27f44c5-044a-5dda-80d1-ccd4bb324163"]". Defaulting to "list". Add meta: { preset: 'static' | 'user' | 'list' | 'detail' | 'realtime' }. @ http://localhost:3000/_next/static/chunks/node_modules_next_dist_115brz8._.js:2431
[   34517ms] [LOG] [RQ] list ["admin","analytics","detail","e27f44c5-044a-5dda-80d1-ccd4bb324163"] → FETCH @ http://localhost:3000/_next/static/chunks/node_modules_next_dist_115brz8._.js:2431
[   34517ms] [WARNING] [useAsyncQuery] Missing meta.preset for key "["admin","analytics","enrollment","e27f44c5-044a-5dda-80d1-ccd4bb324163",1,20]". Defaulting to "list". Add meta: { preset: 'static' | 'user' | 'list' | 'detail' | 'realtime' }. @ http://localhost:3000/_next/static/chunks/node_modules_next_dist_115brz8._.js:2431
[   34518ms] [LOG] [RQ] list ["admin","analytics","enrollment","e27f44c5-044a-5dda-80d1-ccd4bb324163",1,20] → FETCH @ http://localhost:3000/_next/static/chunks/node_modules_next_dist_115brz8._.js:2431
[   34519ms] [WARNING] [useAsyncQuery] Missing meta.preset for key "["admin","schoolYears","list",null]". Defaulting to "list". Add meta: { preset: 'static' | 'user' | 'list' | 'detail' | 'realtime' }. @ http://localhost:3000/_next/static/chunks/node_modules_next_dist_115brz8._.js:2431
[   34520ms] [LOG] [RQ] list ["admin","schoolYears","list",null] → CACHE_HIT @ http://localhost:3000/_next/static/chunks/node_modules_next_dist_115brz8._.js:2431
[   34522ms] [WARNING] [useAsyncQuery] Missing meta.preset for key "["admin","organization","detail"]". Defaulting to "list". Add meta: { preset: 'static' | 'user' | 'list' | 'detail' | 'realtime' }. @ http://localhost:3000/_next/static/chunks/node_modules_next_dist_115brz8._.js:2431
[   34523ms] [LOG] [RQ] list ["admin","organization","detail"] → CACHE_HIT @ http://localhost:3000/_next/static/chunks/node_modules_next_dist_115brz8._.js:2431
[   34524ms] [WARNING] [useAsyncQuery] Missing meta.preset for key "["admin","analytics","detail","e27f44c5-044a-5dda-80d1-ccd4bb324163"]". Defaulting to "list". Add meta: { preset: 'static' | 'user' | 'list' | 'detail' | 'realtime' }. @ http://localhost:3000/_next/static/chunks/node_modules_next_dist_115brz8._.js:2431
[   34525ms] [LOG] [RQ] list ["admin","analytics","detail","e27f44c5-044a-5dda-80d1-ccd4bb324163"] → FETCH @ http://localhost:3000/_next/static/chunks/node_modules_next_dist_115brz8._.js:2431
[   34526ms] [WARNING] [useAsyncQuery] Missing meta.preset for key "["admin","analytics","enrollment","e27f44c5-044a-5dda-80d1-ccd4bb324163",1,20]". Defaulting to "list". Add meta: { preset: 'static' | 'user' | 'list' | 'detail' | 'realtime' }. @ http://localhost:3000/_next/static/chunks/node_modules_next_dist_115brz8._.js:2431
[   34527ms] [LOG] [RQ] list ["admin","analytics","enrollment","e27f44c5-044a-5dda-80d1-ccd4bb324163",1,20] → FETCH @ http://localhost:3000/_next/static/chunks/node_modules_next_dist_115brz8._.js:2431
[   35367ms] [WARNING] [useAsyncQuery] Missing meta.preset for key "["admin","schoolYears","list",null]". Defaulting to "list". Add meta: { preset: 'static' | 'user' | 'list' | 'detail' | 'realtime' }. @ http://localhost:3000/_next/static/chunks/node_modules_next_dist_115brz8._.js:2431
[   35368ms] [LOG] [RQ] list ["admin","schoolYears","list",null] → CACHE_HIT @ http://localhost:3000/_next/static/chunks/node_modules_next_dist_115brz8._.js:2431
[   35369ms] [WARNING] [useAsyncQuery] Missing meta.preset for key "["admin","organization","detail"]". Defaulting to "list". Add meta: { preset: 'static' | 'user' | 'list' | 'detail' | 'realtime' }. @ http://localhost:3000/_next/static/chunks/node_modules_next_dist_115brz8._.js:2431
[   35372ms] [LOG] [RQ] list ["admin","organization","detail"] → CACHE_HIT @ http://localhost:3000/_next/static/chunks/node_modules_next_dist_115brz8._.js:2431
[   35374ms] [WARNING] [useAsyncQuery] Missing meta.preset for key "["admin","analytics","detail","e27f44c5-044a-5dda-80d1-ccd4bb324163"]". Defaulting to "list". Add meta: { preset: 'static' | 'user' | 'list' | 'detail' | 'realtime' }. @ http://localhost:3000/_next/static/chunks/node_modules_next_dist_115brz8._.js:2431
[   35375ms] [LOG] [RQ] list ["admin","analytics","detail","e27f44c5-044a-5dda-80d1-ccd4bb324163"] → CACHE_HIT @ http://localhost:3000/_next/static/chunks/node_modules_next_dist_115brz8._.js:2431
[   35377ms] [WARNING] [useAsyncQuery] Missing meta.preset for key "["admin","analytics","enrollment","e27f44c5-044a-5dda-80d1-ccd4bb324163",1,20]". Defaulting to "list". Add meta: { preset: 'static' | 'user' | 'list' | 'detail' | 'realtime' }. @ http://localhost:3000/_next/static/chunks/node_modules_next_dist_115brz8._.js:2431
[   35379ms] [LOG] [RQ] list ["admin","analytics","enrollment","e27f44c5-044a-5dda-80d1-ccd4bb324163",1,20] → FETCH @ http://localhost:3000/_next/static/chunks/node_modules_next_dist_115brz8._.js:2431
[   35383ms] [WARNING] [useAsyncQuery] Missing meta.preset for key "["admin","schoolYears","list",null]". Defaulting to "list". Add meta: { preset: 'static' | 'user' | 'list' | 'detail' | 'realtime' }. @ http://localhost:3000/_next/static/chunks/node_modules_next_dist_115brz8._.js:2431
[   35385ms] [LOG] [RQ] list ["admin","schoolYears","list",null] → CACHE_HIT @ http://localhost:3000/_next/static/chunks/node_modules_next_dist_115brz8._.js:2431
[   35387ms] [WARNING] [useAsyncQuery] Missing meta.preset for key "["admin","organization","detail"]". Defaulting to "list". Add meta: { preset: 'static' | 'user' | 'list' | 'detail' | 'realtime' }. @ http://localhost:3000/_next/static/chunks/node_modules_next_dist_115brz8._.js:2431
[   35389ms] [LOG] [RQ] list ["admin","organization","detail"] → CACHE_HIT @ http://localhost:3000/_next/static/chunks/node_modules_next_dist_115brz8._.js:2431
[   35390ms] [WARNING] [useAsyncQuery] Missing meta.preset for key "["admin","analytics","detail","e27f44c5-044a-5dda-80d1-ccd4bb324163"]". Defaulting to "list". Add meta: { preset: 'static' | 'user' | 'list' | 'detail' | 'realtime' }. @ http://localhost:3000/_next/static/chunks/node_modules_next_dist_115brz8._.js:2431
[   35392ms] [LOG] [RQ] list ["admin","analytics","detail","e27f44c5-044a-5dda-80d1-ccd4bb324163"] → CACHE_HIT @ http://localhost:3000/_next/static/chunks/node_modules_next_dist_115brz8._.js:2431
[   35394ms] [WARNING] [useAsyncQuery] Missing meta.preset for key "["admin","analytics","enrollment","e27f44c5-044a-5dda-80d1-ccd4bb324163",1,20]". Defaulting to "list". Add meta: { preset: 'static' | 'user' | 'list' | 'detail' | 'realtime' }. @ http://localhost:3000/_next/static/chunks/node_modules_next_dist_115brz8._.js:2431
[   35395ms] [LOG] [RQ] list ["admin","analytics","enrollment","e27f44c5-044a-5dda-80d1-ccd4bb324163",1,20] → FETCH @ http://localhost:3000/_next/static/chunks/node_modules_next_dist_115brz8._.js:2431
[   36463ms] [WARNING] [useAsyncQuery] Missing meta.preset for key "["admin","schoolYears","list",null]". Defaulting to "list". Add meta: { preset: 'static' | 'user' | 'list' | 'detail' | 'realtime' }. @ http://localhost:3000/_next/static/chunks/node_modules_next_dist_115brz8._.js:2431
[   36463ms] [LOG] [RQ] list ["admin","schoolYears","list",null] → CACHE_HIT @ http://localhost:3000/_next/static/chunks/node_modules_next_dist_115brz8._.js:2431
[   36464ms] [WARNING] [useAsyncQuery] Missing meta.preset for key "["admin","organization","detail"]". Defaulting to "list". Add meta: { preset: 'static' | 'user' | 'list' | 'detail' | 'realtime' }. @ http://localhost:3000/_next/static/chunks/node_modules_next_dist_115brz8._.js:2431
[   36465ms] [LOG] [RQ] list ["admin","organization","detail"] → CACHE_HIT @ http://localhost:3000/_next/static/chunks/node_modules_next_dist_115brz8._.js:2431
[   36467ms] [WARNING] [useAsyncQuery] Missing meta.preset for key "["admin","analytics","detail","e27f44c5-044a-5dda-80d1-ccd4bb324163"]". Defaulting to "list". Add meta: { preset: 'static' | 'user' | 'list' | 'detail' | 'realtime' }. @ http://localhost:3000/_next/static/chunks/node_modules_next_dist_115brz8._.js:2431
[   36468ms] [LOG] [RQ] list ["admin","analytics","detail","e27f44c5-044a-5dda-80d1-ccd4bb324163"] → CACHE_HIT @ http://localhost:3000/_next/static/chunks/node_modules_next_dist_115brz8._.js:2431
[   36470ms] [WARNING] [useAsyncQuery] Missing meta.preset for key "["admin","analytics","enrollment","e27f44c5-044a-5dda-80d1-ccd4bb324163",1,20]". Defaulting to "list". Add meta: { preset: 'static' | 'user' | 'list' | 'detail' | 'realtime' }. @ http://localhost:3000/_next/static/chunks/node_modules_next_dist_115brz8._.js:2431
[   36472ms] [LOG] [RQ] list ["admin","analytics","enrollment","e27f44c5-044a-5dda-80d1-ccd4bb324163",1,20] → CACHE_HIT @ http://localhost:3000/_next/static/chunks/node_modules_next_dist_115brz8._.js:2431
[   36477ms] [WARNING] [useAsyncQuery] Missing meta.preset for key "["admin","schoolYears","list",null]". Defaulting to "list". Add meta: { preset: 'static' | 'user' | 'list' | 'detail' | 'realtime' }. @ http://localhost:3000/_next/static/chunks/node_modules_next_dist_115brz8._.js:2431
[   36479ms] [LOG] [RQ] list ["admin","schoolYears","list",null] → CACHE_HIT @ http://localhost:3000/_next/static/chunks/node_modules_next_dist_115brz8._.js:2431
[   36481ms] [WARNING] [useAsyncQuery] Missing meta.preset for key "["admin","organization","detail"]". Defaulting to "list". Add meta: { preset: 'static' | 'user' | 'list' | 'detail' | 'realtime' }. @ http://localhost:3000/_next/static/chunks/node_modules_next_dist_115brz8._.js:2431
[   36483ms] [LOG] [RQ] list ["admin","organization","detail"] → CACHE_HIT @ http://localhost:3000/_next/static/chunks/node_modules_next_dist_115brz8._.js:2431
[   36485ms] [WARNING] [useAsyncQuery] Missing meta.preset for key "["admin","analytics","detail","e27f44c5-044a-5dda-80d1-ccd4bb324163"]". Defaulting to "list". Add meta: { preset: 'static' | 'user' | 'list' | 'detail' | 'realtime' }. @ http://localhost:3000/_next/static/chunks/node_modules_next_dist_115brz8._.js:2431
[   36487ms] [LOG] [RQ] list ["admin","analytics","detail","e27f44c5-044a-5dda-80d1-ccd4bb324163"] → CACHE_HIT @ http://localhost:3000/_next/static/chunks/node_modules_next_dist_115brz8._.js:2431
[   36488ms] [WARNING] [useAsyncQuery] Missing meta.preset for key "["admin","analytics","enrollment","e27f44c5-044a-5dda-80d1-ccd4bb324163",1,20]". Defaulting to "list". Add meta: { preset: 'static' | 'user' | 'list' | 'detail' | 'realtime' }. @ http://localhost:3000/_next/static/chunks/node_modules_next_dist_115brz8._.js:2431
[   36491ms] [LOG] [RQ] list ["admin","analytics","enrollment","e27f44c5-044a-5dda-80d1-ccd4bb324163",1,20] → CACHE_HIT @ http://localhost:3000/_next/static/chunks/node_modules_next_dist_115brz8._.js:2431
