[     139ms] [LOG] [Fast Refresh] rebuilding @ http://localhost:3000/_next/static/chunks/node_modules_next_dist_115brz8._.js:2431
[     199ms] [LOG] [Fast Refresh] done in 174ms @ http://localhost:3000/_next/static/chunks/node_modules_next_dist_115brz8._.js:2431
[     478ms] [INFO] %cDownload the React DevTools for a better development experience: https://react.dev/link/react-devtools font-weight:bold @ http://localhost:3000/_next/static/chunks/node_modules_next_dist_115brz8._.js:2431
[     557ms] [LOG] [HMR] connected @ http://localhost:3000/_next/static/chunks/node_modules_next_dist_115brz8._.js:2431
[     737ms] [LOG] [RQ] user ["auth","me"] → FETCH @ http://localhost:3000/_next/static/chunks/node_modules_next_dist_115brz8._.js:2431
[     740ms] [LOG] [RQ] user ["auth","me"] → FETCH @ http://localhost:3000/_next/static/chunks/node_modules_next_dist_115brz8._.js:2431
[    2133ms] [LOG] [RQ] user ["auth","me"] → FETCH @ http://localhost:3000/_next/static/chunks/node_modules_next_dist_115brz8._.js:2431
[    2133ms] [LOG] [RQ] user ["auth","me"] → FETCH @ http://localhost:3000/_next/static/chunks/node_modules_next_dist_115brz8._.js:2431
[    3157ms] [LOG] [RQ] user ["auth","me"] → CACHE_HIT @ http://localhost:3000/_next/static/chunks/node_modules_next_dist_115brz8._.js:2431
[    3161ms] [LOG] [RQ] user ["auth","me"] → CACHE_HIT @ http://localhost:3000/_next/static/chunks/node_modules_next_dist_115brz8._.js:2431
[    3173ms] [LOG] [RQ] static ["admin","organization","detail"] → FETCH @ http://localhost:3000/_next/static/chunks/node_modules_next_dist_115brz8._.js:2431
[    3176ms] [LOG] [RQ] static ["admin","organization","detail"] → FETCH @ http://localhost:3000/_next/static/chunks/node_modules_next_dist_115brz8._.js:2431
[    3315ms] [LOG] [RQ] list ["admin","schoolProfile","list"] → FETCH @ http://localhost:3000/_next/static/chunks/node_modules_next_dist_115brz8._.js:2431
[    3319ms] [WARNING] [useAsyncQuery] Missing meta.preset for key "["admin","schoolYears","list",null]". Defaulting to "list". Add meta: { preset: 'static' | 'user' | 'list' | 'detail' | 'realtime' }. @ http://localhost:3000/_next/static/chunks/node_modules_next_dist_115brz8._.js:2431
[    3320ms] [LOG] [RQ] list ["admin","schoolYears","list",null] → FETCH @ http://localhost:3000/_next/static/chunks/node_modules_next_dist_115brz8._.js:2431
[    3322ms] [WARNING] [useAsyncQuery] Missing meta.preset for key "["admin","programs","list",{"schoolYearId":null}]". Defaulting to "list". Add meta: { preset: 'static' | 'user' | 'list' | 'detail' | 'realtime' }. @ http://localhost:3000/_next/static/chunks/node_modules_next_dist_115brz8._.js:2431
[    3323ms] [LOG] [RQ] list ["admin","programs","list",{"schoolYearId":null}] → FETCH @ http://localhost:3000/_next/static/chunks/node_modules_next_dist_115brz8._.js:2431
[    3324ms] [WARNING] [useAsyncQuery] Missing meta.preset for key "["admin","courses","list",{"schoolYearId":null}]". Defaulting to "list". Add meta: { preset: 'static' | 'user' | 'list' | 'detail' | 'realtime' }. @ http://localhost:3000/_next/static/chunks/node_modules_next_dist_115brz8._.js:2431
[    3325ms] [LOG] [RQ] list ["admin","courses","list",{"schoolYearId":null}] → FETCH @ http://localhost:3000/_next/static/chunks/node_modules_next_dist_115brz8._.js:2431
[    3326ms] [WARNING] [useAsyncQuery] Missing meta.preset for key "["admin","strands","list",{"schoolYearId":null}]". Defaulting to "list". Add meta: { preset: 'static' | 'user' | 'list' | 'detail' | 'realtime' }. @ http://localhost:3000/_next/static/chunks/node_modules_next_dist_115brz8._.js:2431
[    3327ms] [LOG] [RQ] list ["admin","strands","list",{"schoolYearId":null}] → FETCH @ http://localhost:3000/_next/static/chunks/node_modules_next_dist_115brz8._.js:2431
[    3329ms] [WARNING] [useAsyncQuery] Missing meta.preset for key "["admin","levels","list",{"schoolYearId":null}]". Defaulting to "list". Add meta: { preset: 'static' | 'user' | 'list' | 'detail' | 'realtime' }. @ http://localhost:3000/_next/static/chunks/node_modules_next_dist_115brz8._.js:2431
[    3330ms] [LOG] [RQ] list ["admin","levels","list",{"schoolYearId":null}] → FETCH @ http://localhost:3000/_next/static/chunks/node_modules_next_dist_115brz8._.js:2431
[    3331ms] [WARNING] [useAsyncQuery] Missing meta.preset for key "["admin","subjects","list",{"schoolYearId":null}]". Defaulting to "list". Add meta: { preset: 'static' | 'user' | 'list' | 'detail' | 'realtime' }. @ http://localhost:3000/_next/static/chunks/node_modules_next_dist_115brz8._.js:2431
[    3333ms] [LOG] [RQ] list ["admin","subjects","list",{"schoolYearId":null}] → FETCH @ http://localhost:3000/_next/static/chunks/node_modules_next_dist_115brz8._.js:2431
[    3334ms] [WARNING] [useAsyncQuery] Missing meta.preset for key "["admin","gradingScales","list",null]". Defaulting to "list". Add meta: { preset: 'static' | 'user' | 'list' | 'detail' | 'realtime' }. @ http://localhost:3000/_next/static/chunks/node_modules_next_dist_115brz8._.js:2431
[    3335ms] [LOG] [RQ] list ["admin","gradingScales","list",null] → FETCH @ http://localhost:3000/_next/static/chunks/node_modules_next_dist_115brz8._.js:2431
[    3336ms] [WARNING] [useAsyncQuery] Missing meta.preset for key "["admin","gradingSchemeTemplates","list",{}]". Defaulting to "list". Add meta: { preset: 'static' | 'user' | 'list' | 'detail' | 'realtime' }. @ http://localhost:3000/_next/static/chunks/node_modules_next_dist_115brz8._.js:2431
[    3337ms] [LOG] [RQ] list ["admin","gradingSchemeTemplates","list",{}] → FETCH @ http://localhost:3000/_next/static/chunks/node_modules_next_dist_115brz8._.js:2431
[    3338ms] [LOG] [RQ] static ["admin","semesterTemplates","list",null] → FETCH @ http://localhost:3000/_next/static/chunks/node_modules_next_dist_115brz8._.js:2431
[    3345ms] [LOG] [RQ] list ["admin","schoolProfile","list"] → FETCH @ http://localhost:3000/_next/static/chunks/node_modules_next_dist_115brz8._.js:2431
[    3346ms] [WARNING] [useAsyncQuery] Missing meta.preset for key "["admin","schoolYears","list",null]". Defaulting to "list". Add meta: { preset: 'static' | 'user' | 'list' | 'detail' | 'realtime' }. @ http://localhost:3000/_next/static/chunks/node_modules_next_dist_115brz8._.js:2431
[    3347ms] [LOG] [RQ] list ["admin","schoolYears","list",null] → FETCH @ http://localhost:3000/_next/static/chunks/node_modules_next_dist_115brz8._.js:2431
[    3348ms] [WARNING] [useAsyncQuery] Missing meta.preset for key "["admin","programs","list",{"schoolYearId":null}]". Defaulting to "list". Add meta: { preset: 'static' | 'user' | 'list' | 'detail' | 'realtime' }. @ http://localhost:3000/_next/static/chunks/node_modules_next_dist_115brz8._.js:2431
[    3349ms] [LOG] [RQ] list ["admin","programs","list",{"schoolYearId":null}] → FETCH @ http://localhost:3000/_next/static/chunks/node_modules_next_dist_115brz8._.js:2431
[    3350ms] [WARNING] [useAsyncQuery] Missing meta.preset for key "["admin","courses","list",{"schoolYearId":null}]". Defaulting to "list". Add meta: { preset: 'static' | 'user' | 'list' | 'detail' | 'realtime' }. @ http://localhost:3000/_next/static/chunks/node_modules_next_dist_115brz8._.js:2431
[    3350ms] [LOG] [RQ] list ["admin","courses","list",{"schoolYearId":null}] → FETCH @ http://localhost:3000/_next/static/chunks/node_modules_next_dist_115brz8._.js:2431
[    3351ms] [WARNING] [useAsyncQuery] Missing meta.preset for key "["admin","strands","list",{"schoolYearId":null}]". Defaulting to "list". Add meta: { preset: 'static' | 'user' | 'list' | 'detail' | 'realtime' }. @ http://localhost:3000/_next/static/chunks/node_modules_next_dist_115brz8._.js:2431
[    3352ms] [LOG] [RQ] list ["admin","strands","list",{"schoolYearId":null}] → FETCH @ http://localhost:3000/_next/static/chunks/node_modules_next_dist_115brz8._.js:2431
[    3352ms] [WARNING] [useAsyncQuery] Missing meta.preset for key "["admin","levels","list",{"schoolYearId":null}]". Defaulting to "list". Add meta: { preset: 'static' | 'user' | 'list' | 'detail' | 'realtime' }. @ http://localhost:3000/_next/static/chunks/node_modules_next_dist_115brz8._.js:2431
[    3353ms] [LOG] [RQ] list ["admin","levels","list",{"schoolYearId":null}] → FETCH @ http://localhost:3000/_next/static/chunks/node_modules_next_dist_115brz8._.js:2431
[    3354ms] [WARNING] [useAsyncQuery] Missing meta.preset for key "["admin","subjects","list",{"schoolYearId":null}]". Defaulting to "list". Add meta: { preset: 'static' | 'user' | 'list' | 'detail' | 'realtime' }. @ http://localhost:3000/_next/static/chunks/node_modules_next_dist_115brz8._.js:2431
[    3354ms] [LOG] [RQ] list ["admin","subjects","list",{"schoolYearId":null}] → FETCH @ http://localhost:3000/_next/static/chunks/node_modules_next_dist_115brz8._.js:2431
[    3355ms] [WARNING] [useAsyncQuery] Missing meta.preset for key "["admin","gradingScales","list",null]". Defaulting to "list". Add meta: { preset: 'static' | 'user' | 'list' | 'detail' | 'realtime' }. @ http://localhost:3000/_next/static/chunks/node_modules_next_dist_115brz8._.js:2431
[    3355ms] [LOG] [RQ] list ["admin","gradingScales","list",null] → FETCH @ http://localhost:3000/_next/static/chunks/node_modules_next_dist_115brz8._.js:2431
[    3356ms] [WARNING] [useAsyncQuery] Missing meta.preset for key "["admin","gradingSchemeTemplates","list",{}]". Defaulting to "list". Add meta: { preset: 'static' | 'user' | 'list' | 'detail' | 'realtime' }. @ http://localhost:3000/_next/static/chunks/node_modules_next_dist_115brz8._.js:2431
[    3357ms] [LOG] [RQ] list ["admin","gradingSchemeTemplates","list",{}] → FETCH @ http://localhost:3000/_next/static/chunks/node_modules_next_dist_115brz8._.js:2431
[    3358ms] [LOG] [RQ] static ["admin","semesterTemplates","list",null] → FETCH @ http://localhost:3000/_next/static/chunks/node_modules_next_dist_115brz8._.js:2431
[    3394ms] [WARNING] [useAsyncQuery] Missing meta.preset for key "["admin","organization","detail"]". Defaulting to "list". Add meta: { preset: 'static' | 'user' | 'list' | 'detail' | 'realtime' }. @ http://localhost:3000/_next/static/chunks/node_modules_next_dist_115brz8._.js:2431
[    3395ms] [LOG] [RQ] list ["admin","organization","detail"] → FETCH @ http://localhost:3000/_next/static/chunks/node_modules_next_dist_115brz8._.js:2431
[    3396ms] [WARNING] [useAsyncQuery] Missing meta.preset for key "["admin","organization","detail"]". Defaulting to "list". Add meta: { preset: 'static' | 'user' | 'list' | 'detail' | 'realtime' }. @ http://localhost:3000/_next/static/chunks/node_modules_next_dist_115brz8._.js:2431
[    3397ms] [LOG] [RQ] list ["admin","organization","detail"] → FETCH @ http://localhost:3000/_next/static/chunks/node_modules_next_dist_115brz8._.js:2431
[    3896ms] [LOG] [Fast Refresh] rebuilding @ http://localhost:3000/_next/static/chunks/node_modules_next_dist_115brz8._.js:2431
[    4138ms] [LOG] [Fast Refresh] done in 351ms @ http://localhost:3000/_next/static/chunks/node_modules_next_dist_115brz8._.js:2431
[    4220ms] [LOG] [RQ] list ["admin","schoolProfile","list"] → FETCH @ http://localhost:3000/_next/static/chunks/node_modules_next_dist_115brz8._.js:2431
[    4220ms] [WARNING] [useAsyncQuery] Missing meta.preset for key "["admin","schoolYears","list",null]". Defaulting to "list". Add meta: { preset: 'static' | 'user' | 'list' | 'detail' | 'realtime' }. @ http://localhost:3000/_next/static/chunks/node_modules_next_dist_115brz8._.js:2431
[    4221ms] [LOG] [RQ] list ["admin","schoolYears","list",null] → FETCH @ http://localhost:3000/_next/static/chunks/node_modules_next_dist_115brz8._.js:2431
[    4222ms] [WARNING] [useAsyncQuery] Missing meta.preset for key "["admin","programs","list",{"schoolYearId":null}]". Defaulting to "list". Add meta: { preset: 'static' | 'user' | 'list' | 'detail' | 'realtime' }. @ http://localhost:3000/_next/static/chunks/node_modules_next_dist_115brz8._.js:2431
[    4222ms] [LOG] [RQ] list ["admin","programs","list",{"schoolYearId":null}] → FETCH @ http://localhost:3000/_next/static/chunks/node_modules_next_dist_115brz8._.js:2431
[    4225ms] [WARNING] [useAsyncQuery] Missing meta.preset for key "["admin","courses","list",{"schoolYearId":null}]". Defaulting to "list". Add meta: { preset: 'static' | 'user' | 'list' | 'detail' | 'realtime' }. @ http://localhost:3000/_next/static/chunks/node_modules_next_dist_115brz8._.js:2431
[    4226ms] [LOG] [RQ] list ["admin","courses","list",{"schoolYearId":null}] → FETCH @ http://localhost:3000/_next/static/chunks/node_modules_next_dist_115brz8._.js:2431
[    4227ms] [WARNING] [useAsyncQuery] Missing meta.preset for key "["admin","strands","list",{"schoolYearId":null}]". Defaulting to "list". Add meta: { preset: 'static' | 'user' | 'list' | 'detail' | 'realtime' }. @ http://localhost:3000/_next/static/chunks/node_modules_next_dist_115brz8._.js:2431
[    4228ms] [LOG] [RQ] list ["admin","strands","list",{"schoolYearId":null}] → FETCH @ http://localhost:3000/_next/static/chunks/node_modules_next_dist_115brz8._.js:2431
[    4229ms] [WARNING] [useAsyncQuery] Missing meta.preset for key "["admin","levels","list",{"schoolYearId":null}]". Defaulting to "list". Add meta: { preset: 'static' | 'user' | 'list' | 'detail' | 'realtime' }. @ http://localhost:3000/_next/static/chunks/node_modules_next_dist_115brz8._.js:2431
[    4230ms] [LOG] [RQ] list ["admin","levels","list",{"schoolYearId":null}] → FETCH @ http://localhost:3000/_next/static/chunks/node_modules_next_dist_115brz8._.js:2431
[    4231ms] [WARNING] [useAsyncQuery] Missing meta.preset for key "["admin","subjects","list",{"schoolYearId":null}]". Defaulting to "list". Add meta: { preset: 'static' | 'user' | 'list' | 'detail' | 'realtime' }. @ http://localhost:3000/_next/static/chunks/node_modules_next_dist_115brz8._.js:2431
[    4232ms] [LOG] [RQ] list ["admin","subjects","list",{"schoolYearId":null}] → FETCH @ http://localhost:3000/_next/static/chunks/node_modules_next_dist_115brz8._.js:2431
[    4233ms] [WARNING] [useAsyncQuery] Missing meta.preset for key "["admin","gradingScales","list",null]". Defaulting to "list". Add meta: { preset: 'static' | 'user' | 'list' | 'detail' | 'realtime' }. @ http://localhost:3000/_next/static/chunks/node_modules_next_dist_115brz8._.js:2431
[    4234ms] [LOG] [RQ] list ["admin","gradingScales","list",null] → FETCH @ http://localhost:3000/_next/static/chunks/node_modules_next_dist_115brz8._.js:2431
[    4235ms] [WARNING] [useAsyncQuery] Missing meta.preset for key "["admin","gradingSchemeTemplates","list",{}]". Defaulting to "list". Add meta: { preset: 'static' | 'user' | 'list' | 'detail' | 'realtime' }. @ http://localhost:3000/_next/static/chunks/node_modules_next_dist_115brz8._.js:2431
[    4236ms] [LOG] [RQ] list ["admin","gradingSchemeTemplates","list",{}] → CACHE_HIT @ http://localhost:3000/_next/static/chunks/node_modules_next_dist_115brz8._.js:2431
[    4237ms] [LOG] [RQ] static ["admin","semesterTemplates","list",null] → FETCH @ http://localhost:3000/_next/static/chunks/node_modules_next_dist_115brz8._.js:2431
[    4240ms] [LOG] [RQ] list ["admin","schoolProfile","list"] → FETCH @ http://localhost:3000/_next/static/chunks/node_modules_next_dist_115brz8._.js:2431
[    4242ms] [WARNING] [useAsyncQuery] Missing meta.preset for key "["admin","schoolYears","list",null]". Defaulting to "list". Add meta: { preset: 'static' | 'user' | 'list' | 'detail' | 'realtime' }. @ http://localhost:3000/_next/static/chunks/node_modules_next_dist_115brz8._.js:2431
[    4244ms] [LOG] [RQ] list ["admin","schoolYears","list",null] → FETCH @ http://localhost:3000/_next/static/chunks/node_modules_next_dist_115brz8._.js:2431
[    4246ms] [WARNING] [useAsyncQuery] Missing meta.preset for key "["admin","programs","list",{"schoolYearId":null}]". Defaulting to "list". Add meta: { preset: 'static' | 'user' | 'list' | 'detail' | 'realtime' }. @ http://localhost:3000/_next/static/chunks/node_modules_next_dist_115brz8._.js:2431
[    4247ms] [LOG] [RQ] list ["admin","programs","list",{"schoolYearId":null}] → FETCH @ http://localhost:3000/_next/static/chunks/node_modules_next_dist_115brz8._.js:2431
[    4248ms] [WARNING] [useAsyncQuery] Missing meta.preset for key "["admin","courses","list",{"schoolYearId":null}]". Defaulting to "list". Add meta: { preset: 'static' | 'user' | 'list' | 'detail' | 'realtime' }. @ http://localhost:3000/_next/static/chunks/node_modules_next_dist_115brz8._.js:2431
[    4250ms] [LOG] [RQ] list ["admin","courses","list",{"schoolYearId":null}] → FETCH @ http://localhost:3000/_next/static/chunks/node_modules_next_dist_115brz8._.js:2431
[    4251ms] [WARNING] [useAsyncQuery] Missing meta.preset for key "["admin","strands","list",{"schoolYearId":null}]". Defaulting to "list". Add meta: { preset: 'static' | 'user' | 'list' | 'detail' | 'realtime' }. @ http://localhost:3000/_next/static/chunks/node_modules_next_dist_115brz8._.js:2431
[    4252ms] [LOG] [RQ] list ["admin","strands","list",{"schoolYearId":null}] → FETCH @ http://localhost:3000/_next/static/chunks/node_modules_next_dist_115brz8._.js:2431
[    4253ms] [WARNING] [useAsyncQuery] Missing meta.preset for key "["admin","levels","list",{"schoolYearId":null}]". Defaulting to "list". Add meta: { preset: 'static' | 'user' | 'list' | 'detail' | 'realtime' }. @ http://localhost:3000/_next/static/chunks/node_modules_next_dist_115brz8._.js:2431
[    4254ms] [LOG] [RQ] list ["admin","levels","list",{"schoolYearId":null}] → FETCH @ http://localhost:3000/_next/static/chunks/node_modules_next_dist_115brz8._.js:2431
[    4255ms] [WARNING] [useAsyncQuery] Missing meta.preset for key "["admin","subjects","list",{"schoolYearId":null}]". Defaulting to "list". Add meta: { preset: 'static' | 'user' | 'list' | 'detail' | 'realtime' }. @ http://localhost:3000/_next/static/chunks/node_modules_next_dist_115brz8._.js:2431
[    4256ms] [LOG] [RQ] list ["admin","subjects","list",{"schoolYearId":null}] → FETCH @ http://localhost:3000/_next/static/chunks/node_modules_next_dist_115brz8._.js:2431
[    4257ms] [WARNING] [useAsyncQuery] Missing meta.preset for key "["admin","gradingScales","list",null]". Defaulting to "list". Add meta: { preset: 'static' | 'user' | 'list' | 'detail' | 'realtime' }. @ http://localhost:3000/_next/static/chunks/node_modules_next_dist_115brz8._.js:2431
[    4258ms] [LOG] [RQ] list ["admin","gradingScales","list",null] → FETCH @ http://localhost:3000/_next/static/chunks/node_modules_next_dist_115brz8._.js:2431
[    4260ms] [WARNING] [useAsyncQuery] Missing meta.preset for key "["admin","gradingSchemeTemplates","list",{}]". Defaulting to "list". Add meta: { preset: 'static' | 'user' | 'list' | 'detail' | 'realtime' }. @ http://localhost:3000/_next/static/chunks/node_modules_next_dist_115brz8._.js:2431
[    4260ms] [LOG] [RQ] list ["admin","gradingSchemeTemplates","list",{}] → CACHE_HIT @ http://localhost:3000/_next/static/chunks/node_modules_next_dist_115brz8._.js:2431
[    4261ms] [LOG] [RQ] static ["admin","semesterTemplates","list",null] → FETCH @ http://localhost:3000/_next/static/chunks/node_modules_next_dist_115brz8._.js:2431
[    4297ms] [LOG] [RQ] list ["admin","schoolProfile","list"] → FETCH @ http://localhost:3000/_next/static/chunks/node_modules_next_dist_115brz8._.js:2431
[    4298ms] [WARNING] [useAsyncQuery] Missing meta.preset for key "["admin","schoolYears","list",null]". Defaulting to "list". Add meta: { preset: 'static' | 'user' | 'list' | 'detail' | 'realtime' }. @ http://localhost:3000/_next/static/chunks/node_modules_next_dist_115brz8._.js:2431
[    4298ms] [LOG] [RQ] list ["admin","schoolYears","list",null] → FETCH @ http://localhost:3000/_next/static/chunks/node_modules_next_dist_115brz8._.js:2431
[    4300ms] [WARNING] [useAsyncQuery] Missing meta.preset for key "["admin","programs","list",{"schoolYearId":null}]". Defaulting to "list". Add meta: { preset: 'static' | 'user' | 'list' | 'detail' | 'realtime' }. @ http://localhost:3000/_next/static/chunks/node_modules_next_dist_115brz8._.js:2431
[    4300ms] [LOG] [RQ] list ["admin","programs","list",{"schoolYearId":null}] → FETCH @ http://localhost:3000/_next/static/chunks/node_modules_next_dist_115brz8._.js:2431
[    4301ms] [WARNING] [useAsyncQuery] Missing meta.preset for key "["admin","courses","list",{"schoolYearId":null}]". Defaulting to "list". Add meta: { preset: 'static' | 'user' | 'list' | 'detail' | 'realtime' }. @ http://localhost:3000/_next/static/chunks/node_modules_next_dist_115brz8._.js:2431
[    4302ms] [LOG] [RQ] list ["admin","courses","list",{"schoolYearId":null}] → FETCH @ http://localhost:3000/_next/static/chunks/node_modules_next_dist_115brz8._.js:2431
[    4303ms] [WARNING] [useAsyncQuery] Missing meta.preset for key "["admin","strands","list",{"schoolYearId":null}]". Defaulting to "list". Add meta: { preset: 'static' | 'user' | 'list' | 'detail' | 'realtime' }. @ http://localhost:3000/_next/static/chunks/node_modules_next_dist_115brz8._.js:2431
[    4303ms] [LOG] [RQ] list ["admin","strands","list",{"schoolYearId":null}] → FETCH @ http://localhost:3000/_next/static/chunks/node_modules_next_dist_115brz8._.js:2431
[    4304ms] [WARNING] [useAsyncQuery] Missing meta.preset for key "["admin","levels","list",{"schoolYearId":null}]". Defaulting to "list". Add meta: { preset: 'static' | 'user' | 'list' | 'detail' | 'realtime' }. @ http://localhost:3000/_next/static/chunks/node_modules_next_dist_115brz8._.js:2431
[    4305ms] [LOG] [RQ] list ["admin","levels","list",{"schoolYearId":null}] → FETCH @ http://localhost:3000/_next/static/chunks/node_modules_next_dist_115brz8._.js:2431
[    4305ms] [WARNING] [useAsyncQuery] Missing meta.preset for key "["admin","subjects","list",{"schoolYearId":null}]". Defaulting to "list". Add meta: { preset: 'static' | 'user' | 'list' | 'detail' | 'realtime' }. @ http://localhost:3000/_next/static/chunks/node_modules_next_dist_115brz8._.js:2431
[    4307ms] [LOG] [RQ] list ["admin","subjects","list",{"schoolYearId":null}] → FETCH @ http://localhost:3000/_next/static/chunks/node_modules_next_dist_115brz8._.js:2431
[    4309ms] [WARNING] [useAsyncQuery] Missing meta.preset for key "["admin","gradingScales","list",null]". Defaulting to "list". Add meta: { preset: 'static' | 'user' | 'list' | 'detail' | 'realtime' }. @ http://localhost:3000/_next/static/chunks/node_modules_next_dist_115brz8._.js:2431
[    4310ms] [LOG] [RQ] list ["admin","gradingScales","list",null] → FETCH @ http://localhost:3000/_next/static/chunks/node_modules_next_dist_115brz8._.js:2431
[    4311ms] [WARNING] [useAsyncQuery] Missing meta.preset for key "["admin","gradingSchemeTemplates","list",{}]". Defaulting to "list". Add meta: { preset: 'static' | 'user' | 'list' | 'detail' | 'realtime' }. @ http://localhost:3000/_next/static/chunks/node_modules_next_dist_115brz8._.js:2431
[    4312ms] [LOG] [RQ] list ["admin","gradingSchemeTemplates","list",{}] → CACHE_HIT @ http://localhost:3000/_next/static/chunks/node_modules_next_dist_115brz8._.js:2431
[    4313ms] [LOG] [RQ] static ["admin","semesterTemplates","list",null] → FETCH @ http://localhost:3000/_next/static/chunks/node_modules_next_dist_115brz8._.js:2431
[    4317ms] [LOG] [RQ] list ["admin","schoolProfile","list"] → FETCH @ http://localhost:3000/_next/static/chunks/node_modules_next_dist_115brz8._.js:2431
[    4317ms] [WARNING] [useAsyncQuery] Missing meta.preset for key "["admin","schoolYears","list",null]". Defaulting to "list". Add meta: { preset: 'static' | 'user' | 'list' | 'detail' | 'realtime' }. @ http://localhost:3000/_next/static/chunks/node_modules_next_dist_115brz8._.js:2431
[    4318ms] [LOG] [RQ] list ["admin","schoolYears","list",null] → FETCH @ http://localhost:3000/_next/static/chunks/node_modules_next_dist_115brz8._.js:2431
[    4319ms] [WARNING] [useAsyncQuery] Missing meta.preset for key "["admin","programs","list",{"schoolYearId":null}]". Defaulting to "list". Add meta: { preset: 'static' | 'user' | 'list' | 'detail' | 'realtime' }. @ http://localhost:3000/_next/static/chunks/node_modules_next_dist_115brz8._.js:2431
[    4320ms] [LOG] [RQ] list ["admin","programs","list",{"schoolYearId":null}] → FETCH @ http://localhost:3000/_next/static/chunks/node_modules_next_dist_115brz8._.js:2431
[    4321ms] [WARNING] [useAsyncQuery] Missing meta.preset for key "["admin","courses","list",{"schoolYearId":null}]". Defaulting to "list". Add meta: { preset: 'static' | 'user' | 'list' | 'detail' | 'realtime' }. @ http://localhost:3000/_next/static/chunks/node_modules_next_dist_115brz8._.js:2431
[    4321ms] [LOG] [RQ] list ["admin","courses","list",{"schoolYearId":null}] → FETCH @ http://localhost:3000/_next/static/chunks/node_modules_next_dist_115brz8._.js:2431
[    4322ms] [WARNING] [useAsyncQuery] Missing meta.preset for key "["admin","strands","list",{"schoolYearId":null}]". Defaulting to "list". Add meta: { preset: 'static' | 'user' | 'list' | 'detail' | 'realtime' }. @ http://localhost:3000/_next/static/chunks/node_modules_next_dist_115brz8._.js:2431
[    4323ms] [LOG] [RQ] list ["admin","strands","list",{"schoolYearId":null}] → FETCH @ http://localhost:3000/_next/static/chunks/node_modules_next_dist_115brz8._.js:2431
[    4324ms] [WARNING] [useAsyncQuery] Missing meta.preset for key "["admin","levels","list",{"schoolYearId":null}]". Defaulting to "list". Add meta: { preset: 'static' | 'user' | 'list' | 'detail' | 'realtime' }. @ http://localhost:3000/_next/static/chunks/node_modules_next_dist_115brz8._.js:2431
[    4325ms] [LOG] [RQ] list ["admin","levels","list",{"schoolYearId":null}] → FETCH @ http://localhost:3000/_next/static/chunks/node_modules_next_dist_115brz8._.js:2431
[    4326ms] [WARNING] [useAsyncQuery] Missing meta.preset for key "["admin","subjects","list",{"schoolYearId":null}]". Defaulting to "list". Add meta: { preset: 'static' | 'user' | 'list' | 'detail' | 'realtime' }. @ http://localhost:3000/_next/static/chunks/node_modules_next_dist_115brz8._.js:2431
[    4327ms] [LOG] [RQ] list ["admin","subjects","list",{"schoolYearId":null}] → FETCH @ http://localhost:3000/_next/static/chunks/node_modules_next_dist_115brz8._.js:2431
[    4328ms] [WARNING] [useAsyncQuery] Missing meta.preset for key "["admin","gradingScales","list",null]". Defaulting to "list". Add meta: { preset: 'static' | 'user' | 'list' | 'detail' | 'realtime' }. @ http://localhost:3000/_next/static/chunks/node_modules_next_dist_115brz8._.js:2431
[    4328ms] [LOG] [RQ] list ["admin","gradingScales","list",null] → FETCH @ http://localhost:3000/_next/static/chunks/node_modules_next_dist_115brz8._.js:2431
[    4329ms] [WARNING] [useAsyncQuery] Missing meta.preset for key "["admin","gradingSchemeTemplates","list",{}]". Defaulting to "list". Add meta: { preset: 'static' | 'user' | 'list' | 'detail' | 'realtime' }. @ http://localhost:3000/_next/static/chunks/node_modules_next_dist_115brz8._.js:2431
[    4330ms] [LOG] [RQ] list ["admin","gradingSchemeTemplates","list",{}] → CACHE_HIT @ http://localhost:3000/_next/static/chunks/node_modules_next_dist_115brz8._.js:2431
[    4331ms] [LOG] [RQ] static ["admin","semesterTemplates","list",null] → FETCH @ http://localhost:3000/_next/static/chunks/node_modules_next_dist_115brz8._.js:2431
[    4360ms] [LOG] [RQ] list ["admin","schoolProfile","list"] → FETCH @ http://localhost:3000/_next/static/chunks/node_modules_next_dist_115brz8._.js:2431
[    4361ms] [WARNING] [useAsyncQuery] Missing meta.preset for key "["admin","schoolYears","list",null]". Defaulting to "list". Add meta: { preset: 'static' | 'user' | 'list' | 'detail' | 'realtime' }. @ http://localhost:3000/_next/static/chunks/node_modules_next_dist_115brz8._.js:2431
[    4362ms] [LOG] [RQ] list ["admin","schoolYears","list",null] → FETCH @ http://localhost:3000/_next/static/chunks/node_modules_next_dist_115brz8._.js:2431
[    4363ms] [WARNING] [useAsyncQuery] Missing meta.preset for key "["admin","programs","list",{"schoolYearId":null}]". Defaulting to "list". Add meta: { preset: 'static' | 'user' | 'list' | 'detail' | 'realtime' }. @ http://localhost:3000/_next/static/chunks/node_modules_next_dist_115brz8._.js:2431
[    4364ms] [LOG] [RQ] list ["admin","programs","list",{"schoolYearId":null}] → FETCH @ http://localhost:3000/_next/static/chunks/node_modules_next_dist_115brz8._.js:2431
[    4366ms] [WARNING] [useAsyncQuery] Missing meta.preset for key "["admin","courses","list",{"schoolYearId":null}]". Defaulting to "list". Add meta: { preset: 'static' | 'user' | 'list' | 'detail' | 'realtime' }. @ http://localhost:3000/_next/static/chunks/node_modules_next_dist_115brz8._.js:2431
[    4366ms] [LOG] [RQ] list ["admin","courses","list",{"schoolYearId":null}] → FETCH @ http://localhost:3000/_next/static/chunks/node_modules_next_dist_115brz8._.js:2431
[    4367ms] [WARNING] [useAsyncQuery] Missing meta.preset for key "["admin","strands","list",{"schoolYearId":null}]". Defaulting to "list". Add meta: { preset: 'static' | 'user' | 'list' | 'detail' | 'realtime' }. @ http://localhost:3000/_next/static/chunks/node_modules_next_dist_115brz8._.js:2431
[    4368ms] [LOG] [RQ] list ["admin","strands","list",{"schoolYearId":null}] → FETCH @ http://localhost:3000/_next/static/chunks/node_modules_next_dist_115brz8._.js:2431
[    4369ms] [WARNING] [useAsyncQuery] Missing meta.preset for key "["admin","levels","list",{"schoolYearId":null}]". Defaulting to "list". Add meta: { preset: 'static' | 'user' | 'list' | 'detail' | 'realtime' }. @ http://localhost:3000/_next/static/chunks/node_modules_next_dist_115brz8._.js:2431
[    4369ms] [LOG] [RQ] list ["admin","levels","list",{"schoolYearId":null}] → FETCH @ http://localhost:3000/_next/static/chunks/node_modules_next_dist_115brz8._.js:2431
[    4370ms] [WARNING] [useAsyncQuery] Missing meta.preset for key "["admin","subjects","list",{"schoolYearId":null}]". Defaulting to "list". Add meta: { preset: 'static' | 'user' | 'list' | 'detail' | 'realtime' }. @ http://localhost:3000/_next/static/chunks/node_modules_next_dist_115brz8._.js:2431
[    4371ms] [LOG] [RQ] list ["admin","subjects","list",{"schoolYearId":null}] → FETCH @ http://localhost:3000/_next/static/chunks/node_modules_next_dist_115brz8._.js:2431
[    4372ms] [WARNING] [useAsyncQuery] Missing meta.preset for key "["admin","gradingScales","list",null]". Defaulting to "list". Add meta: { preset: 'static' | 'user' | 'list' | 'detail' | 'realtime' }. @ http://localhost:3000/_next/static/chunks/node_modules_next_dist_115brz8._.js:2431
[    4373ms] [LOG] [RQ] list ["admin","gradingScales","list",null] → FETCH @ http://localhost:3000/_next/static/chunks/node_modules_next_dist_115brz8._.js:2431
[    4374ms] [WARNING] [useAsyncQuery] Missing meta.preset for key "["admin","gradingSchemeTemplates","list",{}]". Defaulting to "list". Add meta: { preset: 'static' | 'user' | 'list' | 'detail' | 'realtime' }. @ http://localhost:3000/_next/static/chunks/node_modules_next_dist_115brz8._.js:2431
[    4376ms] [LOG] [RQ] list ["admin","gradingSchemeTemplates","list",{}] → CACHE_HIT @ http://localhost:3000/_next/static/chunks/node_modules_next_dist_115brz8._.js:2431
[    4377ms] [LOG] [RQ] static ["admin","semesterTemplates","list",null] → CACHE_HIT @ http://localhost:3000/_next/static/chunks/node_modules_next_dist_115brz8._.js:2431
[    4380ms] [LOG] [RQ] list ["admin","schoolProfile","list"] → FETCH @ http://localhost:3000/_next/static/chunks/node_modules_next_dist_115brz8._.js:2431
[    4381ms] [WARNING] [useAsyncQuery] Missing meta.preset for key "["admin","schoolYears","list",null]". Defaulting to "list". Add meta: { preset: 'static' | 'user' | 'list' | 'detail' | 'realtime' }. @ http://localhost:3000/_next/static/chunks/node_modules_next_dist_115brz8._.js:2431
[    4382ms] [LOG] [RQ] list ["admin","schoolYears","list",null] → FETCH @ http://localhost:3000/_next/static/chunks/node_modules_next_dist_115brz8._.js:2431
[    4383ms] [WARNING] [useAsyncQuery] Missing meta.preset for key "["admin","programs","list",{"schoolYearId":null}]". Defaulting to "list". Add meta: { preset: 'static' | 'user' | 'list' | 'detail' | 'realtime' }. @ http://localhost:3000/_next/static/chunks/node_modules_next_dist_115brz8._.js:2431
[    4384ms] [LOG] [RQ] list ["admin","programs","list",{"schoolYearId":null}] → FETCH @ http://localhost:3000/_next/static/chunks/node_modules_next_dist_115brz8._.js:2431
[    4385ms] [WARNING] [useAsyncQuery] Missing meta.preset for key "["admin","courses","list",{"schoolYearId":null}]". Defaulting to "list". Add meta: { preset: 'static' | 'user' | 'list' | 'detail' | 'realtime' }. @ http://localhost:3000/_next/static/chunks/node_modules_next_dist_115brz8._.js:2431
[    4386ms] [LOG] [RQ] list ["admin","courses","list",{"schoolYearId":null}] → FETCH @ http://localhost:3000/_next/static/chunks/node_modules_next_dist_115brz8._.js:2431
[    4386ms] [WARNING] [useAsyncQuery] Missing meta.preset for key "["admin","strands","list",{"schoolYearId":null}]". Defaulting to "list". Add meta: { preset: 'static' | 'user' | 'list' | 'detail' | 'realtime' }. @ http://localhost:3000/_next/static/chunks/node_modules_next_dist_115brz8._.js:2431
[    4387ms] [LOG] [RQ] list ["admin","strands","list",{"schoolYearId":null}] → FETCH @ http://localhost:3000/_next/static/chunks/node_modules_next_dist_115brz8._.js:2431
[    4388ms] [WARNING] [useAsyncQuery] Missing meta.preset for key "["admin","levels","list",{"schoolYearId":null}]". Defaulting to "list". Add meta: { preset: 'static' | 'user' | 'list' | 'detail' | 'realtime' }. @ http://localhost:3000/_next/static/chunks/node_modules_next_dist_115brz8._.js:2431
[    4389ms] [LOG] [RQ] list ["admin","levels","list",{"schoolYearId":null}] → FETCH @ http://localhost:3000/_next/static/chunks/node_modules_next_dist_115brz8._.js:2431
[    4390ms] [WARNING] [useAsyncQuery] Missing meta.preset for key "["admin","subjects","list",{"schoolYearId":null}]". Defaulting to "list". Add meta: { preset: 'static' | 'user' | 'list' | 'detail' | 'realtime' }. @ http://localhost:3000/_next/static/chunks/node_modules_next_dist_115brz8._.js:2431
[    4391ms] [LOG] [RQ] list ["admin","subjects","list",{"schoolYearId":null}] → FETCH @ http://localhost:3000/_next/static/chunks/node_modules_next_dist_115brz8._.js:2431
[    4392ms] [WARNING] [useAsyncQuery] Missing meta.preset for key "["admin","gradingScales","list",null]". Defaulting to "list". Add meta: { preset: 'static' | 'user' | 'list' | 'detail' | 'realtime' }. @ http://localhost:3000/_next/static/chunks/node_modules_next_dist_115brz8._.js:2431
[    4393ms] [LOG] [RQ] list ["admin","gradingScales","list",null] → FETCH @ http://localhost:3000/_next/static/chunks/node_modules_next_dist_115brz8._.js:2431
[    4394ms] [WARNING] [useAsyncQuery] Missing meta.preset for key "["admin","gradingSchemeTemplates","list",{}]". Defaulting to "list". Add meta: { preset: 'static' | 'user' | 'list' | 'detail' | 'realtime' }. @ http://localhost:3000/_next/static/chunks/node_modules_next_dist_115brz8._.js:2431
[    4395ms] [LOG] [RQ] list ["admin","gradingSchemeTemplates","list",{}] → CACHE_HIT @ http://localhost:3000/_next/static/chunks/node_modules_next_dist_115brz8._.js:2431
[    4396ms] [LOG] [RQ] static ["admin","semesterTemplates","list",null] → CACHE_HIT @ http://localhost:3000/_next/static/chunks/node_modules_next_dist_115brz8._.js:2431
[    4427ms] [LOG] [RQ] list ["admin","schoolProfile","list"] → FETCH @ http://localhost:3000/_next/static/chunks/node_modules_next_dist_115brz8._.js:2431
[    4428ms] [WARNING] [useAsyncQuery] Missing meta.preset for key "["admin","schoolYears","list",null]". Defaulting to "list". Add meta: { preset: 'static' | 'user' | 'list' | 'detail' | 'realtime' }. @ http://localhost:3000/_next/static/chunks/node_modules_next_dist_115brz8._.js:2431
[    4429ms] [LOG] [RQ] list ["admin","schoolYears","list",null] → FETCH @ http://localhost:3000/_next/static/chunks/node_modules_next_dist_115brz8._.js:2431
[    4430ms] [WARNING] [useAsyncQuery] Missing meta.preset for key "["admin","programs","list",{"schoolYearId":null}]". Defaulting to "list". Add meta: { preset: 'static' | 'user' | 'list' | 'detail' | 'realtime' }. @ http://localhost:3000/_next/static/chunks/node_modules_next_dist_115brz8._.js:2431
[    4431ms] [LOG] [RQ] list ["admin","programs","list",{"schoolYearId":null}] → FETCH @ http://localhost:3000/_next/static/chunks/node_modules_next_dist_115brz8._.js:2431
[    4432ms] [WARNING] [useAsyncQuery] Missing meta.preset for key "["admin","courses","list",{"schoolYearId":null}]". Defaulting to "list". Add meta: { preset: 'static' | 'user' | 'list' | 'detail' | 'realtime' }. @ http://localhost:3000/_next/static/chunks/node_modules_next_dist_115brz8._.js:2431
[    4433ms] [LOG] [RQ] list ["admin","courses","list",{"schoolYearId":null}] → FETCH @ http://localhost:3000/_next/static/chunks/node_modules_next_dist_115brz8._.js:2431
[    4434ms] [WARNING] [useAsyncQuery] Missing meta.preset for key "["admin","strands","list",{"schoolYearId":null}]". Defaulting to "list". Add meta: { preset: 'static' | 'user' | 'list' | 'detail' | 'realtime' }. @ http://localhost:3000/_next/static/chunks/node_modules_next_dist_115brz8._.js:2431
[    4435ms] [LOG] [RQ] list ["admin","strands","list",{"schoolYearId":null}] → FETCH @ http://localhost:3000/_next/static/chunks/node_modules_next_dist_115brz8._.js:2431
[    4436ms] [WARNING] [useAsyncQuery] Missing meta.preset for key "["admin","levels","list",{"schoolYearId":null}]". Defaulting to "list". Add meta: { preset: 'static' | 'user' | 'list' | 'detail' | 'realtime' }. @ http://localhost:3000/_next/static/chunks/node_modules_next_dist_115brz8._.js:2431
[    4436ms] [LOG] [RQ] list ["admin","levels","list",{"schoolYearId":null}] → FETCH @ http://localhost:3000/_next/static/chunks/node_modules_next_dist_115brz8._.js:2431
[    4437ms] [WARNING] [useAsyncQuery] Missing meta.preset for key "["admin","subjects","list",{"schoolYearId":null}]". Defaulting to "list". Add meta: { preset: 'static' | 'user' | 'list' | 'detail' | 'realtime' }. @ http://localhost:3000/_next/static/chunks/node_modules_next_dist_115brz8._.js:2431
[    4438ms] [LOG] [RQ] list ["admin","subjects","list",{"schoolYearId":null}] → FETCH @ http://localhost:3000/_next/static/chunks/node_modules_next_dist_115brz8._.js:2431
[    4439ms] [WARNING] [useAsyncQuery] Missing meta.preset for key "["admin","gradingScales","list",null]". Defaulting to "list". Add meta: { preset: 'static' | 'user' | 'list' | 'detail' | 'realtime' }. @ http://localhost:3000/_next/static/chunks/node_modules_next_dist_115brz8._.js:2431
[    4441ms] [LOG] [RQ] list ["admin","gradingScales","list",null] → FETCH @ http://localhost:3000/_next/static/chunks/node_modules_next_dist_115brz8._.js:2431
[    4443ms] [WARNING] [useAsyncQuery] Missing meta.preset for key "["admin","gradingSchemeTemplates","list",{}]". Defaulting to "list". Add meta: { preset: 'static' | 'user' | 'list' | 'detail' | 'realtime' }. @ http://localhost:3000/_next/static/chunks/node_modules_next_dist_115brz8._.js:2431
[    4445ms] [LOG] [RQ] list ["admin","gradingSchemeTemplates","list",{}] → CACHE_HIT @ http://localhost:3000/_next/static/chunks/node_modules_next_dist_115brz8._.js:2431
[    4446ms] [LOG] [RQ] static ["admin","semesterTemplates","list",null] → CACHE_HIT @ http://localhost:3000/_next/static/chunks/node_modules_next_dist_115brz8._.js:2431
[    4449ms] [LOG] [RQ] list ["admin","schoolProfile","list"] → FETCH @ http://localhost:3000/_next/static/chunks/node_modules_next_dist_115brz8._.js:2431
[    4450ms] [WARNING] [useAsyncQuery] Missing meta.preset for key "["admin","schoolYears","list",null]". Defaulting to "list". Add meta: { preset: 'static' | 'user' | 'list' | 'detail' | 'realtime' }. @ http://localhost:3000/_next/static/chunks/node_modules_next_dist_115brz8._.js:2431
[    4451ms] [LOG] [RQ] list ["admin","schoolYears","list",null] → FETCH @ http://localhost:3000/_next/static/chunks/node_modules_next_dist_115brz8._.js:2431
[    4453ms] [WARNING] [useAsyncQuery] Missing meta.preset for key "["admin","programs","list",{"schoolYearId":null}]". Defaulting to "list". Add meta: { preset: 'static' | 'user' | 'list' | 'detail' | 'realtime' }. @ http://localhost:3000/_next/static/chunks/node_modules_next_dist_115brz8._.js:2431
[    4454ms] [LOG] [RQ] list ["admin","programs","list",{"schoolYearId":null}] → FETCH @ http://localhost:3000/_next/static/chunks/node_modules_next_dist_115brz8._.js:2431
[    4455ms] [WARNING] [useAsyncQuery] Missing meta.preset for key "["admin","courses","list",{"schoolYearId":null}]". Defaulting to "list". Add meta: { preset: 'static' | 'user' | 'list' | 'detail' | 'realtime' }. @ http://localhost:3000/_next/static/chunks/node_modules_next_dist_115brz8._.js:2431
[    4458ms] [LOG] [RQ] list ["admin","courses","list",{"schoolYearId":null}] → FETCH @ http://localhost:3000/_next/static/chunks/node_modules_next_dist_115brz8._.js:2431
[    4460ms] [WARNING] [useAsyncQuery] Missing meta.preset for key "["admin","strands","list",{"schoolYearId":null}]". Defaulting to "list". Add meta: { preset: 'static' | 'user' | 'list' | 'detail' | 'realtime' }. @ http://localhost:3000/_next/static/chunks/node_modules_next_dist_115brz8._.js:2431
[    4461ms] [LOG] [RQ] list ["admin","strands","list",{"schoolYearId":null}] → FETCH @ http://localhost:3000/_next/static/chunks/node_modules_next_dist_115brz8._.js:2431
[    4462ms] [WARNING] [useAsyncQuery] Missing meta.preset for key "["admin","levels","list",{"schoolYearId":null}]". Defaulting to "list". Add meta: { preset: 'static' | 'user' | 'list' | 'detail' | 'realtime' }. @ http://localhost:3000/_next/static/chunks/node_modules_next_dist_115brz8._.js:2431
[    4464ms] [LOG] [RQ] list ["admin","levels","list",{"schoolYearId":null}] → FETCH @ http://localhost:3000/_next/static/chunks/node_modules_next_dist_115brz8._.js:2431
[    4464ms] [WARNING] [useAsyncQuery] Missing meta.preset for key "["admin","subjects","list",{"schoolYearId":null}]". Defaulting to "list". Add meta: { preset: 'static' | 'user' | 'list' | 'detail' | 'realtime' }. @ http://localhost:3000/_next/static/chunks/node_modules_next_dist_115brz8._.js:2431
[    4465ms] [LOG] [RQ] list ["admin","subjects","list",{"schoolYearId":null}] → FETCH @ http://localhost:3000/_next/static/chunks/node_modules_next_dist_115brz8._.js:2431
[    4466ms] [WARNING] [useAsyncQuery] Missing meta.preset for key "["admin","gradingScales","list",null]". Defaulting to "list". Add meta: { preset: 'static' | 'user' | 'list' | 'detail' | 'realtime' }. @ http://localhost:3000/_next/static/chunks/node_modules_next_dist_115brz8._.js:2431
[    4467ms] [LOG] [RQ] list ["admin","gradingScales","list",null] → FETCH @ http://localhost:3000/_next/static/chunks/node_modules_next_dist_115brz8._.js:2431
[    4468ms] [WARNING] [useAsyncQuery] Missing meta.preset for key "["admin","gradingSchemeTemplates","list",{}]". Defaulting to "list". Add meta: { preset: 'static' | 'user' | 'list' | 'detail' | 'realtime' }. @ http://localhost:3000/_next/static/chunks/node_modules_next_dist_115brz8._.js:2431
[    4469ms] [LOG] [RQ] list ["admin","gradingSchemeTemplates","list",{}] → CACHE_HIT @ http://localhost:3000/_next/static/chunks/node_modules_next_dist_115brz8._.js:2431
[    4470ms] [LOG] [RQ] static ["admin","semesterTemplates","list",null] → CACHE_HIT @ http://localhost:3000/_next/static/chunks/node_modules_next_dist_115brz8._.js:2431
[    4499ms] [LOG] [RQ] list ["admin","schoolProfile","list"] → CACHE_HIT @ http://localhost:3000/_next/static/chunks/node_modules_next_dist_115brz8._.js:2431
[    4500ms] [WARNING] [useAsyncQuery] Missing meta.preset for key "["admin","schoolYears","list",null]". Defaulting to "list". Add meta: { preset: 'static' | 'user' | 'list' | 'detail' | 'realtime' }. @ http://localhost:3000/_next/static/chunks/node_modules_next_dist_115brz8._.js:2431
[    4501ms] [LOG] [RQ] list ["admin","schoolYears","list",null] → FETCH @ http://localhost:3000/_next/static/chunks/node_modules_next_dist_115brz8._.js:2431
[    4502ms] [WARNING] [useAsyncQuery] Missing meta.preset for key "["admin","programs","list",{"schoolYearId":null}]". Defaulting to "list". Add meta: { preset: 'static' | 'user' | 'list' | 'detail' | 'realtime' }. @ http://localhost:3000/_next/static/chunks/node_modules_next_dist_115brz8._.js:2431
[    4503ms] [LOG] [RQ] list ["admin","programs","list",{"schoolYearId":null}] → FETCH @ http://localhost:3000/_next/static/chunks/node_modules_next_dist_115brz8._.js:2431
[    4504ms] [WARNING] [useAsyncQuery] Missing meta.preset for key "["admin","courses","list",{"schoolYearId":null}]". Defaulting to "list". Add meta: { preset: 'static' | 'user' | 'list' | 'detail' | 'realtime' }. @ http://localhost:3000/_next/static/chunks/node_modules_next_dist_115brz8._.js:2431
[    4505ms] [LOG] [RQ] list ["admin","courses","list",{"schoolYearId":null}] → FETCH @ http://localhost:3000/_next/static/chunks/node_modules_next_dist_115brz8._.js:2431
[    4507ms] [WARNING] [useAsyncQuery] Missing meta.preset for key "["admin","strands","list",{"schoolYearId":null}]". Defaulting to "list". Add meta: { preset: 'static' | 'user' | 'list' | 'detail' | 'realtime' }. @ http://localhost:3000/_next/static/chunks/node_modules_next_dist_115brz8._.js:2431
[    4508ms] [LOG] [RQ] list ["admin","strands","list",{"schoolYearId":null}] → FETCH @ http://localhost:3000/_next/static/chunks/node_modules_next_dist_115brz8._.js:2431
[    4509ms] [WARNING] [useAsyncQuery] Missing meta.preset for key "["admin","levels","list",{"schoolYearId":null}]". Defaulting to "list". Add meta: { preset: 'static' | 'user' | 'list' | 'detail' | 'realtime' }. @ http://localhost:3000/_next/static/chunks/node_modules_next_dist_115brz8._.js:2431
[    4510ms] [LOG] [RQ] list ["admin","levels","list",{"schoolYearId":null}] → FETCH @ http://localhost:3000/_next/static/chunks/node_modules_next_dist_115brz8._.js:2431
[    4511ms] [WARNING] [useAsyncQuery] Missing meta.preset for key "["admin","subjects","list",{"schoolYearId":null}]". Defaulting to "list". Add meta: { preset: 'static' | 'user' | 'list' | 'detail' | 'realtime' }. @ http://localhost:3000/_next/static/chunks/node_modules_next_dist_115brz8._.js:2431
[    4512ms] [LOG] [RQ] list ["admin","subjects","list",{"schoolYearId":null}] → FETCH @ http://localhost:3000/_next/static/chunks/node_modules_next_dist_115brz8._.js:2431
[    4513ms] [WARNING] [useAsyncQuery] Missing meta.preset for key "["admin","gradingScales","list",null]". Defaulting to "list". Add meta: { preset: 'static' | 'user' | 'list' | 'detail' | 'realtime' }. @ http://localhost:3000/_next/static/chunks/node_modules_next_dist_115brz8._.js:2431
[    4514ms] [LOG] [RQ] list ["admin","gradingScales","list",null] → FETCH @ http://localhost:3000/_next/static/chunks/node_modules_next_dist_115brz8._.js:2431
[    4515ms] [WARNING] [useAsyncQuery] Missing meta.preset for key "["admin","gradingSchemeTemplates","list",{}]". Defaulting to "list". Add meta: { preset: 'static' | 'user' | 'list' | 'detail' | 'realtime' }. @ http://localhost:3000/_next/static/chunks/node_modules_next_dist_115brz8._.js:2431
[    4516ms] [LOG] [RQ] list ["admin","gradingSchemeTemplates","list",{}] → CACHE_HIT @ http://localhost:3000/_next/static/chunks/node_modules_next_dist_115brz8._.js:2431
[    4517ms] [LOG] [RQ] static ["admin","semesterTemplates","list",null] → CACHE_HIT @ http://localhost:3000/_next/static/chunks/node_modules_next_dist_115brz8._.js:2431
[    4520ms] [LOG] [RQ] list ["admin","schoolProfile","list"] → CACHE_HIT @ http://localhost:3000/_next/static/chunks/node_modules_next_dist_115brz8._.js:2431
[    4521ms] [WARNING] [useAsyncQuery] Missing meta.preset for key "["admin","schoolYears","list",null]". Defaulting to "list". Add meta: { preset: 'static' | 'user' | 'list' | 'detail' | 'realtime' }. @ http://localhost:3000/_next/static/chunks/node_modules_next_dist_115brz8._.js:2431
[    4522ms] [LOG] [RQ] list ["admin","schoolYears","list",null] → FETCH @ http://localhost:3000/_next/static/chunks/node_modules_next_dist_115brz8._.js:2431
[    4524ms] [WARNING] [useAsyncQuery] Missing meta.preset for key "["admin","programs","list",{"schoolYearId":null}]". Defaulting to "list". Add meta: { preset: 'static' | 'user' | 'list' | 'detail' | 'realtime' }. @ http://localhost:3000/_next/static/chunks/node_modules_next_dist_115brz8._.js:2431
[    4526ms] [LOG] [RQ] list ["admin","programs","list",{"schoolYearId":null}] → FETCH @ http://localhost:3000/_next/static/chunks/node_modules_next_dist_115brz8._.js:2431
[    4527ms] [WARNING] [useAsyncQuery] Missing meta.preset for key "["admin","courses","list",{"schoolYearId":null}]". Defaulting to "list". Add meta: { preset: 'static' | 'user' | 'list' | 'detail' | 'realtime' }. @ http://localhost:3000/_next/static/chunks/node_modules_next_dist_115brz8._.js:2431
[    4528ms] [LOG] [RQ] list ["admin","courses","list",{"schoolYearId":null}] → FETCH @ http://localhost:3000/_next/static/chunks/node_modules_next_dist_115brz8._.js:2431
[    4529ms] [WARNING] [useAsyncQuery] Missing meta.preset for key "["admin","strands","list",{"schoolYearId":null}]". Defaulting to "list". Add meta: { preset: 'static' | 'user' | 'list' | 'detail' | 'realtime' }. @ http://localhost:3000/_next/static/chunks/node_modules_next_dist_115brz8._.js:2431
[    4530ms] [LOG] [RQ] list ["admin","strands","list",{"schoolYearId":null}] → FETCH @ http://localhost:3000/_next/static/chunks/node_modules_next_dist_115brz8._.js:2431
[    4531ms] [WARNING] [useAsyncQuery] Missing meta.preset for key "["admin","levels","list",{"schoolYearId":null}]". Defaulting to "list". Add meta: { preset: 'static' | 'user' | 'list' | 'detail' | 'realtime' }. @ http://localhost:3000/_next/static/chunks/node_modules_next_dist_115brz8._.js:2431
[    4531ms] [LOG] [RQ] list ["admin","levels","list",{"schoolYearId":null}] → FETCH @ http://localhost:3000/_next/static/chunks/node_modules_next_dist_115brz8._.js:2431
[    4533ms] [WARNING] [useAsyncQuery] Missing meta.preset for key "["admin","subjects","list",{"schoolYearId":null}]". Defaulting to "list". Add meta: { preset: 'static' | 'user' | 'list' | 'detail' | 'realtime' }. @ http://localhost:3000/_next/static/chunks/node_modules_next_dist_115brz8._.js:2431
[    4533ms] [LOG] [RQ] list ["admin","subjects","list",{"schoolYearId":null}] → FETCH @ http://localhost:3000/_next/static/chunks/node_modules_next_dist_115brz8._.js:2431
[    4535ms] [WARNING] [useAsyncQuery] Missing meta.preset for key "["admin","gradingScales","list",null]". Defaulting to "list". Add meta: { preset: 'static' | 'user' | 'list' | 'detail' | 'realtime' }. @ http://localhost:3000/_next/static/chunks/node_modules_next_dist_115brz8._.js:2431
[    4536ms] [LOG] [RQ] list ["admin","gradingScales","list",null] → FETCH @ http://localhost:3000/_next/static/chunks/node_modules_next_dist_115brz8._.js:2431
[    4538ms] [WARNING] [useAsyncQuery] Missing meta.preset for key "["admin","gradingSchemeTemplates","list",{}]". Defaulting to "list". Add meta: { preset: 'static' | 'user' | 'list' | 'detail' | 'realtime' }. @ http://localhost:3000/_next/static/chunks/node_modules_next_dist_115brz8._.js:2431
[    4542ms] [LOG] [RQ] list ["admin","gradingSchemeTemplates","list",{}] → CACHE_HIT @ http://localhost:3000/_next/static/chunks/node_modules_next_dist_115brz8._.js:2431
[    4544ms] [LOG] [RQ] static ["admin","semesterTemplates","list",null] → CACHE_HIT @ http://localhost:3000/_next/static/chunks/node_modules_next_dist_115brz8._.js:2431
[    4584ms] [LOG] [RQ] list ["admin","schoolProfile","list"] → CACHE_HIT @ http://localhost:3000/_next/static/chunks/node_modules_next_dist_115brz8._.js:2431
[    4585ms] [WARNING] [useAsyncQuery] Missing meta.preset for key "["admin","schoolYears","list",null]". Defaulting to "list". Add meta: { preset: 'static' | 'user' | 'list' | 'detail' | 'realtime' }. @ http://localhost:3000/_next/static/chunks/node_modules_next_dist_115brz8._.js:2431
[    4585ms] [LOG] [RQ] list ["admin","schoolYears","list",null] → FETCH @ http://localhost:3000/_next/static/chunks/node_modules_next_dist_115brz8._.js:2431
[    4586ms] [WARNING] [useAsyncQuery] Missing meta.preset for key "["admin","programs","list",{"schoolYearId":null}]". Defaulting to "list". Add meta: { preset: 'static' | 'user' | 'list' | 'detail' | 'realtime' }. @ http://localhost:3000/_next/static/chunks/node_modules_next_dist_115brz8._.js:2431
[    4587ms] [LOG] [RQ] list ["admin","programs","list",{"schoolYearId":null}] → FETCH @ http://localhost:3000/_next/static/chunks/node_modules_next_dist_115brz8._.js:2431
[    4588ms] [WARNING] [useAsyncQuery] Missing meta.preset for key "["admin","courses","list",{"schoolYearId":null}]". Defaulting to "list". Add meta: { preset: 'static' | 'user' | 'list' | 'detail' | 'realtime' }. @ http://localhost:3000/_next/static/chunks/node_modules_next_dist_115brz8._.js:2431
[    4588ms] [LOG] [RQ] list ["admin","courses","list",{"schoolYearId":null}] → FETCH @ http://localhost:3000/_next/static/chunks/node_modules_next_dist_115brz8._.js:2431
[    4589ms] [WARNING] [useAsyncQuery] Missing meta.preset for key "["admin","strands","list",{"schoolYearId":null}]". Defaulting to "list". Add meta: { preset: 'static' | 'user' | 'list' | 'detail' | 'realtime' }. @ http://localhost:3000/_next/static/chunks/node_modules_next_dist_115brz8._.js:2431
[    4591ms] [LOG] [RQ] list ["admin","strands","list",{"schoolYearId":null}] → FETCH @ http://localhost:3000/_next/static/chunks/node_modules_next_dist_115brz8._.js:2431
[    4592ms] [WARNING] [useAsyncQuery] Missing meta.preset for key "["admin","levels","list",{"schoolYearId":null}]". Defaulting to "list". Add meta: { preset: 'static' | 'user' | 'list' | 'detail' | 'realtime' }. @ http://localhost:3000/_next/static/chunks/node_modules_next_dist_115brz8._.js:2431
[    4593ms] [LOG] [RQ] list ["admin","levels","list",{"schoolYearId":null}] → FETCH @ http://localhost:3000/_next/static/chunks/node_modules_next_dist_115brz8._.js:2431
[    4594ms] [WARNING] [useAsyncQuery] Missing meta.preset for key "["admin","subjects","list",{"schoolYearId":null}]". Defaulting to "list". Add meta: { preset: 'static' | 'user' | 'list' | 'detail' | 'realtime' }. @ http://localhost:3000/_next/static/chunks/node_modules_next_dist_115brz8._.js:2431
[    4613ms] [LOG] [RQ] list ["admin","subjects","list",{"schoolYearId":null}] → FETCH @ http://localhost:3000/_next/static/chunks/node_modules_next_dist_115brz8._.js:2431
[    4613ms] [WARNING] [useAsyncQuery] Missing meta.preset for key "["admin","gradingScales","list",null]". Defaulting to "list". Add meta: { preset: 'static' | 'user' | 'list' | 'detail' | 'realtime' }. @ http://localhost:3000/_next/static/chunks/node_modules_next_dist_115brz8._.js:2431
[    4614ms] [LOG] [RQ] list ["admin","gradingScales","list",null] → CACHE_HIT @ http://localhost:3000/_next/static/chunks/node_modules_next_dist_115brz8._.js:2431
[    4614ms] [WARNING] [useAsyncQuery] Missing meta.preset for key "["admin","gradingSchemeTemplates","list",{}]". Defaulting to "list". Add meta: { preset: 'static' | 'user' | 'list' | 'detail' | 'realtime' }. @ http://localhost:3000/_next/static/chunks/node_modules_next_dist_115brz8._.js:2431
[    4615ms] [LOG] [RQ] list ["admin","gradingSchemeTemplates","list",{}] → CACHE_HIT @ http://localhost:3000/_next/static/chunks/node_modules_next_dist_115brz8._.js:2431
[    4616ms] [LOG] [RQ] static ["admin","semesterTemplates","list",null] → CACHE_HIT @ http://localhost:3000/_next/static/chunks/node_modules_next_dist_115brz8._.js:2431
[    4619ms] [LOG] [RQ] list ["admin","schoolProfile","list"] → CACHE_HIT @ http://localhost:3000/_next/static/chunks/node_modules_next_dist_115brz8._.js:2431
[    4620ms] [WARNING] [useAsyncQuery] Missing meta.preset for key "["admin","schoolYears","list",null]". Defaulting to "list". Add meta: { preset: 'static' | 'user' | 'list' | 'detail' | 'realtime' }. @ http://localhost:3000/_next/static/chunks/node_modules_next_dist_115brz8._.js:2431
[    4621ms] [LOG] [RQ] list ["admin","schoolYears","list",null] → FETCH @ http://localhost:3000/_next/static/chunks/node_modules_next_dist_115brz8._.js:2431
[    4622ms] [WARNING] [useAsyncQuery] Missing meta.preset for key "["admin","programs","list",{"schoolYearId":null}]". Defaulting to "list". Add meta: { preset: 'static' | 'user' | 'list' | 'detail' | 'realtime' }. @ http://localhost:3000/_next/static/chunks/node_modules_next_dist_115brz8._.js:2431
[    4625ms] [LOG] [RQ] list ["admin","programs","list",{"schoolYearId":null}] → FETCH @ http://localhost:3000/_next/static/chunks/node_modules_next_dist_115brz8._.js:2431
[    4626ms] [WARNING] [useAsyncQuery] Missing meta.preset for key "["admin","courses","list",{"schoolYearId":null}]". Defaulting to "list". Add meta: { preset: 'static' | 'user' | 'list' | 'detail' | 'realtime' }. @ http://localhost:3000/_next/static/chunks/node_modules_next_dist_115brz8._.js:2431
[    4627ms] [LOG] [RQ] list ["admin","courses","list",{"schoolYearId":null}] → FETCH @ http://localhost:3000/_next/static/chunks/node_modules_next_dist_115brz8._.js:2431
[    4628ms] [WARNING] [useAsyncQuery] Missing meta.preset for key "["admin","strands","list",{"schoolYearId":null}]". Defaulting to "list". Add meta: { preset: 'static' | 'user' | 'list' | 'detail' | 'realtime' }. @ http://localhost:3000/_next/static/chunks/node_modules_next_dist_115brz8._.js:2431
[    4629ms] [LOG] [RQ] list ["admin","strands","list",{"schoolYearId":null}] → FETCH @ http://localhost:3000/_next/static/chunks/node_modules_next_dist_115brz8._.js:2431
[    4630ms] [WARNING] [useAsyncQuery] Missing meta.preset for key "["admin","levels","list",{"schoolYearId":null}]". Defaulting to "list". Add meta: { preset: 'static' | 'user' | 'list' | 'detail' | 'realtime' }. @ http://localhost:3000/_next/static/chunks/node_modules_next_dist_115brz8._.js:2431
[    4631ms] [LOG] [RQ] list ["admin","levels","list",{"schoolYearId":null}] → FETCH @ http://localhost:3000/_next/static/chunks/node_modules_next_dist_115brz8._.js:2431
[    4632ms] [WARNING] [useAsyncQuery] Missing meta.preset for key "["admin","subjects","list",{"schoolYearId":null}]". Defaulting to "list". Add meta: { preset: 'static' | 'user' | 'list' | 'detail' | 'realtime' }. @ http://localhost:3000/_next/static/chunks/node_modules_next_dist_115brz8._.js:2431
[    4665ms] [LOG] [RQ] list ["admin","subjects","list",{"schoolYearId":null}] → FETCH @ http://localhost:3000/_next/static/chunks/node_modules_next_dist_115brz8._.js:2431
[    4667ms] [WARNING] [useAsyncQuery] Missing meta.preset for key "["admin","gradingScales","list",null]". Defaulting to "list". Add meta: { preset: 'static' | 'user' | 'list' | 'detail' | 'realtime' }. @ http://localhost:3000/_next/static/chunks/node_modules_next_dist_115brz8._.js:2431
[    4668ms] [LOG] [RQ] list ["admin","gradingScales","list",null] → CACHE_HIT @ http://localhost:3000/_next/static/chunks/node_modules_next_dist_115brz8._.js:2431
[    4669ms] [WARNING] [useAsyncQuery] Missing meta.preset for key "["admin","gradingSchemeTemplates","list",{}]". Defaulting to "list". Add meta: { preset: 'static' | 'user' | 'list' | 'detail' | 'realtime' }. @ http://localhost:3000/_next/static/chunks/node_modules_next_dist_115brz8._.js:2431
[    4670ms] [LOG] [RQ] list ["admin","gradingSchemeTemplates","list",{}] → CACHE_HIT @ http://localhost:3000/_next/static/chunks/node_modules_next_dist_115brz8._.js:2431
[    4671ms] [LOG] [RQ] static ["admin","semesterTemplates","list",null] → CACHE_HIT @ http://localhost:3000/_next/static/chunks/node_modules_next_dist_115brz8._.js:2431
[    4720ms] [LOG] [RQ] list ["admin","schoolProfile","list"] → CACHE_HIT @ http://localhost:3000/_next/static/chunks/node_modules_next_dist_115brz8._.js:2431
[    4721ms] [WARNING] [useAsyncQuery] Missing meta.preset for key "["admin","schoolYears","list",null]". Defaulting to "list". Add meta: { preset: 'static' | 'user' | 'list' | 'detail' | 'realtime' }. @ http://localhost:3000/_next/static/chunks/node_modules_next_dist_115brz8._.js:2431
[    4723ms] [LOG] [RQ] list ["admin","schoolYears","list",null] → FETCH @ http://localhost:3000/_next/static/chunks/node_modules_next_dist_115brz8._.js:2431
[    4725ms] [WARNING] [useAsyncQuery] Missing meta.preset for key "["admin","programs","list",{"schoolYearId":null}]". Defaulting to "list". Add meta: { preset: 'static' | 'user' | 'list' | 'detail' | 'realtime' }. @ http://localhost:3000/_next/static/chunks/node_modules_next_dist_115brz8._.js:2431
[    4727ms] [LOG] [RQ] list ["admin","programs","list",{"schoolYearId":null}] → FETCH @ http://localhost:3000/_next/static/chunks/node_modules_next_dist_115brz8._.js:2431
[    4729ms] [WARNING] [useAsyncQuery] Missing meta.preset for key "["admin","courses","list",{"schoolYearId":null}]". Defaulting to "list". Add meta: { preset: 'static' | 'user' | 'list' | 'detail' | 'realtime' }. @ http://localhost:3000/_next/static/chunks/node_modules_next_dist_115brz8._.js:2431
[    4729ms] [LOG] [RQ] list ["admin","courses","list",{"schoolYearId":null}] → FETCH @ http://localhost:3000/_next/static/chunks/node_modules_next_dist_115brz8._.js:2431
[    4730ms] [WARNING] [useAsyncQuery] Missing meta.preset for key "["admin","strands","list",{"schoolYearId":null}]". Defaulting to "list". Add meta: { preset: 'static' | 'user' | 'list' | 'detail' | 'realtime' }. @ http://localhost:3000/_next/static/chunks/node_modules_next_dist_115brz8._.js:2431
[    4731ms] [LOG] [RQ] list ["admin","strands","list",{"schoolYearId":null}] → FETCH @ http://localhost:3000/_next/static/chunks/node_modules_next_dist_115brz8._.js:2431
[    4732ms] [WARNING] [useAsyncQuery] Missing meta.preset for key "["admin","levels","list",{"schoolYearId":null}]". Defaulting to "list". Add meta: { preset: 'static' | 'user' | 'list' | 'detail' | 'realtime' }. @ http://localhost:3000/_next/static/chunks/node_modules_next_dist_115brz8._.js:2431
[    4733ms] [LOG] [RQ] list ["admin","levels","list",{"schoolYearId":null}] → FETCH @ http://localhost:3000/_next/static/chunks/node_modules_next_dist_115brz8._.js:2431
[    4734ms] [WARNING] [useAsyncQuery] Missing meta.preset for key "["admin","subjects","list",{"schoolYearId":null}]". Defaulting to "list". Add meta: { preset: 'static' | 'user' | 'list' | 'detail' | 'realtime' }. @ http://localhost:3000/_next/static/chunks/node_modules_next_dist_115brz8._.js:2431
[    4735ms] [LOG] [RQ] list ["admin","subjects","list",{"schoolYearId":null}] → FETCH @ http://localhost:3000/_next/static/chunks/node_modules_next_dist_115brz8._.js:2431
[    4736ms] [WARNING] [useAsyncQuery] Missing meta.preset for key "["admin","gradingScales","list",null]". Defaulting to "list". Add meta: { preset: 'static' | 'user' | 'list' | 'detail' | 'realtime' }. @ http://localhost:3000/_next/static/chunks/node_modules_next_dist_115brz8._.js:2431
[    4737ms] [LOG] [RQ] list ["admin","gradingScales","list",null] → CACHE_HIT @ http://localhost:3000/_next/static/chunks/node_modules_next_dist_115brz8._.js:2431
[    4738ms] [WARNING] [useAsyncQuery] Missing meta.preset for key "["admin","gradingSchemeTemplates","list",{}]". Defaulting to "list". Add meta: { preset: 'static' | 'user' | 'list' | 'detail' | 'realtime' }. @ http://localhost:3000/_next/static/chunks/node_modules_next_dist_115brz8._.js:2431
[    4740ms] [LOG] [RQ] list ["admin","gradingSchemeTemplates","list",{}] → CACHE_HIT @ http://localhost:3000/_next/static/chunks/node_modules_next_dist_115brz8._.js:2431
[    4742ms] [LOG] [RQ] static ["admin","semesterTemplates","list",null] → CACHE_HIT @ http://localhost:3000/_next/static/chunks/node_modules_next_dist_115brz8._.js:2431
[    4745ms] [LOG] [RQ] list ["admin","schoolProfile","list"] → CACHE_HIT @ http://localhost:3000/_next/static/chunks/node_modules_next_dist_115brz8._.js:2431
[    4746ms] [WARNING] [useAsyncQuery] Missing meta.preset for key "["admin","schoolYears","list",null]". Defaulting to "list". Add meta: { preset: 'static' | 'user' | 'list' | 'detail' | 'realtime' }. @ http://localhost:3000/_next/static/chunks/node_modules_next_dist_115brz8._.js:2431
[    4747ms] [LOG] [RQ] list ["admin","schoolYears","list",null] → FETCH @ http://localhost:3000/_next/static/chunks/node_modules_next_dist_115brz8._.js:2431
[    4748ms] [WARNING] [useAsyncQuery] Missing meta.preset for key "["admin","programs","list",{"schoolYearId":null}]". Defaulting to "list". Add meta: { preset: 'static' | 'user' | 'list' | 'detail' | 'realtime' }. @ http://localhost:3000/_next/static/chunks/node_modules_next_dist_115brz8._.js:2431
[    4749ms] [LOG] [RQ] list ["admin","programs","list",{"schoolYearId":null}] → FETCH @ http://localhost:3000/_next/static/chunks/node_modules_next_dist_115brz8._.js:2431
[    4750ms] [WARNING] [useAsyncQuery] Missing meta.preset for key "["admin","courses","list",{"schoolYearId":null}]". Defaulting to "list". Add meta: { preset: 'static' | 'user' | 'list' | 'detail' | 'realtime' }. @ http://localhost:3000/_next/static/chunks/node_modules_next_dist_115brz8._.js:2431
[    4752ms] [LOG] [RQ] list ["admin","courses","list",{"schoolYearId":null}] → FETCH @ http://localhost:3000/_next/static/chunks/node_modules_next_dist_115brz8._.js:2431
[    4753ms] [WARNING] [useAsyncQuery] Missing meta.preset for key "["admin","strands","list",{"schoolYearId":null}]". Defaulting to "list". Add meta: { preset: 'static' | 'user' | 'list' | 'detail' | 'realtime' }. @ http://localhost:3000/_next/static/chunks/node_modules_next_dist_115brz8._.js:2431
[    4754ms] [LOG] [RQ] list ["admin","strands","list",{"schoolYearId":null}] → FETCH @ http://localhost:3000/_next/static/chunks/node_modules_next_dist_115brz8._.js:2431
[    4755ms] [WARNING] [useAsyncQuery] Missing meta.preset for key "["admin","levels","list",{"schoolYearId":null}]". Defaulting to "list". Add meta: { preset: 'static' | 'user' | 'list' | 'detail' | 'realtime' }. @ http://localhost:3000/_next/static/chunks/node_modules_next_dist_115brz8._.js:2431
[    4757ms] [LOG] [RQ] list ["admin","levels","list",{"schoolYearId":null}] → FETCH @ http://localhost:3000/_next/static/chunks/node_modules_next_dist_115brz8._.js:2431
[    4758ms] [WARNING] [useAsyncQuery] Missing meta.preset for key "["admin","subjects","list",{"schoolYearId":null}]". Defaulting to "list". Add meta: { preset: 'static' | 'user' | 'list' | 'detail' | 'realtime' }. @ http://localhost:3000/_next/static/chunks/node_modules_next_dist_115brz8._.js:2431
[    4759ms] [LOG] [RQ] list ["admin","subjects","list",{"schoolYearId":null}] → FETCH @ http://localhost:3000/_next/static/chunks/node_modules_next_dist_115brz8._.js:2431
[    4760ms] [WARNING] [useAsyncQuery] Missing meta.preset for key "["admin","gradingScales","list",null]". Defaulting to "list". Add meta: { preset: 'static' | 'user' | 'list' | 'detail' | 'realtime' }. @ http://localhost:3000/_next/static/chunks/node_modules_next_dist_115brz8._.js:2431
[    4761ms] [LOG] [RQ] list ["admin","gradingScales","list",null] → CACHE_HIT @ http://localhost:3000/_next/static/chunks/node_modules_next_dist_115brz8._.js:2431
[    4762ms] [WARNING] [useAsyncQuery] Missing meta.preset for key "["admin","gradingSchemeTemplates","list",{}]". Defaulting to "list". Add meta: { preset: 'static' | 'user' | 'list' | 'detail' | 'realtime' }. @ http://localhost:3000/_next/static/chunks/node_modules_next_dist_115brz8._.js:2431
[    4762ms] [LOG] [RQ] list ["admin","gradingSchemeTemplates","list",{}] → CACHE_HIT @ http://localhost:3000/_next/static/chunks/node_modules_next_dist_115brz8._.js:2431
[    4763ms] [LOG] [RQ] static ["admin","semesterTemplates","list",null] → CACHE_HIT @ http://localhost:3000/_next/static/chunks/node_modules_next_dist_115brz8._.js:2431
[    4777ms] [LOG] [Fast Refresh] rebuilding @ http://localhost:3000/_next/static/chunks/node_modules_next_dist_115brz8._.js:2431
[    4815ms] [LOG] [Fast Refresh] done in 318ms @ http://localhost:3000/_next/static/chunks/node_modules_next_dist_115brz8._.js:2431
[    4937ms] [LOG] [Fast Refresh] rebuilding @ http://localhost:3000/_next/static/chunks/node_modules_next_dist_115brz8._.js:2431
[    5170ms] [LOG] [Fast Refresh] done in 342ms @ http://localhost:3000/_next/static/chunks/node_modules_next_dist_115brz8._.js:2431
[    5282ms] [LOG] [Fast Refresh] rebuilding @ http://localhost:3000/_next/static/chunks/node_modules_next_dist_115brz8._.js:2431
[    5303ms] [LOG] [RQ] list ["admin","schoolProfile","list"] → CACHE_HIT @ http://localhost:3000/_next/static/chunks/node_modules_next_dist_115brz8._.js:2431
[    5304ms] [WARNING] [useAsyncQuery] Missing meta.preset for key "["admin","schoolYears","list",null]". Defaulting to "list". Add meta: { preset: 'static' | 'user' | 'list' | 'detail' | 'realtime' }. @ http://localhost:3000/_next/static/chunks/node_modules_next_dist_115brz8._.js:2431
[    5306ms] [LOG] [RQ] list ["admin","schoolYears","list",null] → CACHE_HIT @ http://localhost:3000/_next/static/chunks/node_modules_next_dist_115brz8._.js:2431
[    5308ms] [WARNING] [useAsyncQuery] Missing meta.preset for key "["admin","programs","list",{"schoolYearId":null}]". Defaulting to "list". Add meta: { preset: 'static' | 'user' | 'list' | 'detail' | 'realtime' }. @ http://localhost:3000/_next/static/chunks/node_modules_next_dist_115brz8._.js:2431
[    5309ms] [LOG] [RQ] list ["admin","programs","list",{"schoolYearId":null}] → FETCH @ http://localhost:3000/_next/static/chunks/node_modules_next_dist_115brz8._.js:2431
[    5310ms] [WARNING] [useAsyncQuery] Missing meta.preset for key "["admin","courses","list",{"schoolYearId":null}]". Defaulting to "list". Add meta: { preset: 'static' | 'user' | 'list' | 'detail' | 'realtime' }. @ http://localhost:3000/_next/static/chunks/node_modules_next_dist_115brz8._.js:2431
[    5311ms] [LOG] [RQ] list ["admin","courses","list",{"schoolYearId":null}] → FETCH @ http://localhost:3000/_next/static/chunks/node_modules_next_dist_115brz8._.js:2431
[    5312ms] [WARNING] [useAsyncQuery] Missing meta.preset for key "["admin","strands","list",{"schoolYearId":null}]". Defaulting to "list". Add meta: { preset: 'static' | 'user' | 'list' | 'detail' | 'realtime' }. @ http://localhost:3000/_next/static/chunks/node_modules_next_dist_115brz8._.js:2431
[    5313ms] [LOG] [RQ] list ["admin","strands","list",{"schoolYearId":null}] → FETCH @ http://localhost:3000/_next/static/chunks/node_modules_next_dist_115brz8._.js:2431
[    5314ms] [WARNING] [useAsyncQuery] Missing meta.preset for key "["admin","levels","list",{"schoolYearId":null}]". Defaulting to "list". Add meta: { preset: 'static' | 'user' | 'list' | 'detail' | 'realtime' }. @ http://localhost:3000/_next/static/chunks/node_modules_next_dist_115brz8._.js:2431
[    5315ms] [LOG] [RQ] list ["admin","levels","list",{"schoolYearId":null}] → FETCH @ http://localhost:3000/_next/static/chunks/node_modules_next_dist_115brz8._.js:2431
[    5315ms] [WARNING] [useAsyncQuery] Missing meta.preset for key "["admin","subjects","list",{"schoolYearId":null}]". Defaulting to "list". Add meta: { preset: 'static' | 'user' | 'list' | 'detail' | 'realtime' }. @ http://localhost:3000/_next/static/chunks/node_modules_next_dist_115brz8._.js:2431
[    5316ms] [LOG] [RQ] list ["admin","subjects","list",{"schoolYearId":null}] → FETCH @ http://localhost:3000/_next/static/chunks/node_modules_next_dist_115brz8._.js:2431
[    5317ms] [WARNING] [useAsyncQuery] Missing meta.preset for key "["admin","gradingScales","list",null]". Defaulting to "list". Add meta: { preset: 'static' | 'user' | 'list' | 'detail' | 'realtime' }. @ http://localhost:3000/_next/static/chunks/node_modules_next_dist_115brz8._.js:2431
[    5317ms] [LOG] [RQ] list ["admin","gradingScales","list",null] → CACHE_HIT @ http://localhost:3000/_next/static/chunks/node_modules_next_dist_115brz8._.js:2431
[    5318ms] [WARNING] [useAsyncQuery] Missing meta.preset for key "["admin","gradingSchemeTemplates","list",{}]". Defaulting to "list". Add meta: { preset: 'static' | 'user' | 'list' | 'detail' | 'realtime' }. @ http://localhost:3000/_next/static/chunks/node_modules_next_dist_115brz8._.js:2431
[    5319ms] [LOG] [RQ] list ["admin","gradingSchemeTemplates","list",{}] → CACHE_HIT @ http://localhost:3000/_next/static/chunks/node_modules_next_dist_115brz8._.js:2431
[    5320ms] [LOG] [RQ] static ["admin","semesterTemplates","list",null] → CACHE_HIT @ http://localhost:3000/_next/static/chunks/node_modules_next_dist_115brz8._.js:2431
[    5323ms] [LOG] [RQ] list ["admin","schoolProfile","list"] → CACHE_HIT @ http://localhost:3000/_next/static/chunks/node_modules_next_dist_115brz8._.js:2431
[    5325ms] [WARNING] [useAsyncQuery] Missing meta.preset for key "["admin","schoolYears","list",null]". Defaulting to "list". Add meta: { preset: 'static' | 'user' | 'list' | 'detail' | 'realtime' }. @ http://localhost:3000/_next/static/chunks/node_modules_next_dist_115brz8._.js:2431
[    5326ms] [LOG] [RQ] list ["admin","schoolYears","list",null] → CACHE_HIT @ http://localhost:3000/_next/static/chunks/node_modules_next_dist_115brz8._.js:2431
[    5327ms] [WARNING] [useAsyncQuery] Missing meta.preset for key "["admin","programs","list",{"schoolYearId":null}]". Defaulting to "list". Add meta: { preset: 'static' | 'user' | 'list' | 'detail' | 'realtime' }. @ http://localhost:3000/_next/static/chunks/node_modules_next_dist_115brz8._.js:2431
[    5328ms] [LOG] [RQ] list ["admin","programs","list",{"schoolYearId":null}] → FETCH @ http://localhost:3000/_next/static/chunks/node_modules_next_dist_115brz8._.js:2431
[    5329ms] [WARNING] [useAsyncQuery] Missing meta.preset for key "["admin","courses","list",{"schoolYearId":null}]". Defaulting to "list". Add meta: { preset: 'static' | 'user' | 'list' | 'detail' | 'realtime' }. @ http://localhost:3000/_next/static/chunks/node_modules_next_dist_115brz8._.js:2431
[    5330ms] [LOG] [RQ] list ["admin","courses","list",{"schoolYearId":null}] → FETCH @ http://localhost:3000/_next/static/chunks/node_modules_next_dist_115brz8._.js:2431
[    5331ms] [WARNING] [useAsyncQuery] Missing meta.preset for key "["admin","strands","list",{"schoolYearId":null}]". Defaulting to "list". Add meta: { preset: 'static' | 'user' | 'list' | 'detail' | 'realtime' }. @ http://localhost:3000/_next/static/chunks/node_modules_next_dist_115brz8._.js:2431
[    5331ms] [LOG] [RQ] list ["admin","strands","list",{"schoolYearId":null}] → FETCH @ http://localhost:3000/_next/static/chunks/node_modules_next_dist_115brz8._.js:2431
[    5332ms] [WARNING] [useAsyncQuery] Missing meta.preset for key "["admin","levels","list",{"schoolYearId":null}]". Defaulting to "list". Add meta: { preset: 'static' | 'user' | 'list' | 'detail' | 'realtime' }. @ http://localhost:3000/_next/static/chunks/node_modules_next_dist_115brz8._.js:2431
[    5333ms] [LOG] [RQ] list ["admin","levels","list",{"schoolYearId":null}] → FETCH @ http://localhost:3000/_next/static/chunks/node_modules_next_dist_115brz8._.js:2431
[    5334ms] [WARNING] [useAsyncQuery] Missing meta.preset for key "["admin","subjects","list",{"schoolYearId":null}]". Defaulting to "list". Add meta: { preset: 'static' | 'user' | 'list' | 'detail' | 'realtime' }. @ http://localhost:3000/_next/static/chunks/node_modules_next_dist_115brz8._.js:2431
[    5335ms] [LOG] [RQ] list ["admin","subjects","list",{"schoolYearId":null}] → FETCH @ http://localhost:3000/_next/static/chunks/node_modules_next_dist_115brz8._.js:2431
[    5335ms] [WARNING] [useAsyncQuery] Missing meta.preset for key "["admin","gradingScales","list",null]". Defaulting to "list". Add meta: { preset: 'static' | 'user' | 'list' | 'detail' | 'realtime' }. @ http://localhost:3000/_next/static/chunks/node_modules_next_dist_115brz8._.js:2431
[    5336ms] [LOG] [RQ] list ["admin","gradingScales","list",null] → CACHE_HIT @ http://localhost:3000/_next/static/chunks/node_modules_next_dist_115brz8._.js:2431
[    5337ms] [WARNING] [useAsyncQuery] Missing meta.preset for key "["admin","gradingSchemeTemplates","list",{}]". Defaulting to "list". Add meta: { preset: 'static' | 'user' | 'list' | 'detail' | 'realtime' }. @ http://localhost:3000/_next/static/chunks/node_modules_next_dist_115brz8._.js:2431
[    5338ms] [LOG] [RQ] list ["admin","gradingSchemeTemplates","list",{}] → CACHE_HIT @ http://localhost:3000/_next/static/chunks/node_modules_next_dist_115brz8._.js:2431
[    5340ms] [LOG] [RQ] static ["admin","semesterTemplates","list",null] → CACHE_HIT @ http://localhost:3000/_next/static/chunks/node_modules_next_dist_115brz8._.js:2431
[    5427ms] [LOG] [Fast Refresh] done in 249ms @ http://localhost:3000/_next/static/chunks/node_modules_next_dist_115brz8._.js:2431
[    5556ms] [LOG] [Fast Refresh] rebuilding @ http://localhost:3000/_next/static/chunks/node_modules_next_dist_115brz8._.js:2431
[    5577ms] [LOG] [Fast Refresh] done in 128ms @ http://localhost:3000/_next/static/chunks/node_modules_next_dist_115brz8._.js:2431
[    5681ms] [LOG] [Fast Refresh] rebuilding @ http://localhost:3000/_next/static/chunks/node_modules_next_dist_115brz8._.js:2431
[    5753ms] [LOG] [Fast Refresh] done in 174ms @ http://localhost:3000/_next/static/chunks/node_modules_next_dist_115brz8._.js:2431
[    6410ms] [LOG] [RQ] static ["admin","organization","detail"] → CACHE_HIT @ http://localhost:3000/_next/static/chunks/node_modules_next_dist_115brz8._.js:2431
[    6412ms] [LOG] [RQ] static ["admin","organization","detail"] → CACHE_HIT @ http://localhost:3000/_next/static/chunks/node_modules_next_dist_115brz8._.js:2431
[    6417ms] [WARNING] [useAsyncQuery] Missing meta.preset for key "["admin","organization","detail"]". Defaulting to "list". Add meta: { preset: 'static' | 'user' | 'list' | 'detail' | 'realtime' }. @ http://localhost:3000/_next/static/chunks/node_modules_next_dist_115brz8._.js:2431
[    6418ms] [LOG] [RQ] list ["admin","organization","detail"] → CACHE_HIT @ http://localhost:3000/_next/static/chunks/node_modules_next_dist_115brz8._.js:2431
[    6419ms] [WARNING] [useAsyncQuery] Missing meta.preset for key "["admin","organization","detail"]". Defaulting to "list". Add meta: { preset: 'static' | 'user' | 'list' | 'detail' | 'realtime' }. @ http://localhost:3000/_next/static/chunks/node_modules_next_dist_115brz8._.js:2431
[    6419ms] [LOG] [RQ] list ["admin","organization","detail"] → CACHE_HIT @ http://localhost:3000/_next/static/chunks/node_modules_next_dist_115brz8._.js:2431
