[     133ms] [LOG] [Fast Refresh] rebuilding @ http://localhost:3000/_next/static/chunks/node_modules_next_dist_115brz8._.js:2431
[    3618ms] [LOG] [Fast Refresh] done in 3590ms @ http://localhost:3000/_next/static/chunks/node_modules_next_dist_115brz8._.js:2431
[    3933ms] [INFO] %cDownload the React DevTools for a better development experience: https://react.dev/link/react-devtools font-weight:bold @ http://localhost:3000/_next/static/chunks/node_modules_next_dist_115brz8._.js:2431
[    4109ms] [LOG] [HMR] connected @ http://localhost:3000/_next/static/chunks/node_modules_next_dist_115brz8._.js:2431
[    4401ms] [LOG] [RQ] user ["auth","me"] → FETCH @ http://localhost:3000/_next/static/chunks/node_modules_next_dist_115brz8._.js:2431
[    4403ms] [LOG] [RQ] user ["auth","me"] → FETCH @ http://localhost:3000/_next/static/chunks/node_modules_next_dist_115brz8._.js:2431
[    4853ms] [ERROR] Failed to load resource: the server responded with a status of 401 (Unauthorized) @ http://localhost:5000/auth/refresh:0
[    4860ms] [LOG] [RQ] user ["auth","me"] → FETCH @ http://localhost:3000/_next/static/chunks/node_modules_next_dist_115brz8._.js:2431
[    4862ms] [LOG] [RQ] user ["auth","me"] → FETCH @ http://localhost:3000/_next/static/chunks/node_modules_next_dist_115brz8._.js:2431
[    5014ms] [LOG] [Fast Refresh] rebuilding @ http://localhost:3000/_next/static/chunks/node_modules_next_dist_115brz8._.js:2431
[    5023ms] [LOG] [Fast Refresh] done in 114ms @ http://localhost:3000/_next/static/chunks/node_modules_next_dist_115brz8._.js:2431
[    5295ms] [WARNING] Detected `scroll-behavior: smooth` on the `<html>` element. To disable smooth scrolling during route transitions, add `data-scroll-behavior="smooth"` to your <html> element. Learn more: https://nextjs.org/docs/messages/missing-data-scroll-behavior @ http://localhost:3000/_next/static/chunks/node_modules_next_dist_115brz8._.js:2431
[  337782ms] [ERROR] Failed to load resource: the server responded with a status of 401 (Unauthorized) @ http://localhost:5000/auth/login:0
[  344925ms] [LOG] [RQ] user ["auth","me"] → FETCH @ http://localhost:3000/_next/static/chunks/node_modules_next_dist_115brz8._.js:2431
[  344928ms] [LOG] [RQ] user ["auth","me"] → FETCH @ http://localhost:3000/_next/static/chunks/node_modules_next_dist_115brz8._.js:2431
[  345969ms] [LOG] [RQ] user ["auth","me"] → CACHE_HIT @ http://localhost:3000/_next/static/chunks/node_modules_next_dist_115brz8._.js:2431
[  345971ms] [LOG] [RQ] user ["auth","me"] → CACHE_HIT @ http://localhost:3000/_next/static/chunks/node_modules_next_dist_115brz8._.js:2431
[  346123ms] [LOG] [RQ] static ["admin","organization","detail"] → FETCH @ http://localhost:3000/_next/static/chunks/node_modules_next_dist_115brz8._.js:2431
[  346127ms] [LOG] [RQ] static ["admin","organization","detail"] → FETCH @ http://localhost:3000/_next/static/chunks/node_modules_next_dist_115brz8._.js:2431
[  346269ms] [WARNING] [useAsyncQuery] Missing meta.preset for key "["admin","organization","detail"]". Defaulting to "list". Add meta: { preset: 'static' | 'user' | 'list' | 'detail' | 'realtime' }. @ http://localhost:3000/_next/static/chunks/node_modules_next_dist_115brz8._.js:2431
[  346270ms] [LOG] [RQ] list ["admin","organization","detail"] → FETCH @ http://localhost:3000/_next/static/chunks/node_modules_next_dist_115brz8._.js:2431
[  346270ms] [WARNING] [useAsyncQuery] Missing meta.preset for key "["admin","organization","detail"]". Defaulting to "list". Add meta: { preset: 'static' | 'user' | 'list' | 'detail' | 'realtime' }. @ http://localhost:3000/_next/static/chunks/node_modules_next_dist_115brz8._.js:2431
[  346271ms] [LOG] [RQ] list ["admin","organization","detail"] → FETCH @ http://localhost:3000/_next/static/chunks/node_modules_next_dist_115brz8._.js:2431
[  346509ms] [LOG] [Fast Refresh] rebuilding @ http://localhost:3000/_next/static/chunks/node_modules_next_dist_115brz8._.js:2431
[  346528ms] [LOG] [Fast Refresh] done in 239ms @ http://localhost:3000/_next/static/chunks/node_modules_next_dist_115brz8._.js:2431
[  346632ms] [LOG] [Fast Refresh] rebuilding @ http://localhost:3000/_next/static/chunks/node_modules_next_dist_115brz8._.js:2431
[  346681ms] [LOG] [Fast Refresh] done in 153ms @ http://localhost:3000/_next/static/chunks/node_modules_next_dist_115brz8._.js:2431
[  346972ms] [WARNING] [useAsyncQuery] Missing meta.preset for key "["admin","schoolYears","list",null]". Defaulting to "list". Add meta: { preset: 'static' | 'user' | 'list' | 'detail' | 'realtime' }. @ http://localhost:3000/_next/static/chunks/node_modules_next_dist_115brz8._.js:2431
[  346972ms] [LOG] [RQ] list ["admin","schoolYears","list",null] → FETCH @ http://localhost:3000/_next/static/chunks/node_modules_next_dist_115brz8._.js:2431
[  346974ms] [WARNING] [useAsyncQuery] Missing meta.preset for key "["admin","organization","detail"]". Defaulting to "list". Add meta: { preset: 'static' | 'user' | 'list' | 'detail' | 'realtime' }. @ http://localhost:3000/_next/static/chunks/node_modules_next_dist_115brz8._.js:2431
[  346974ms] [LOG] [RQ] list ["admin","organization","detail"] → FETCH @ http://localhost:3000/_next/static/chunks/node_modules_next_dist_115brz8._.js:2431
[  346976ms] [WARNING] [useAsyncQuery] Missing meta.preset for key "["admin","analytics"]". Defaulting to "list". Add meta: { preset: 'static' | 'user' | 'list' | 'detail' | 'realtime' }. @ http://localhost:3000/_next/static/chunks/node_modules_next_dist_115brz8._.js:2431
[  346977ms] [LOG] [RQ] list ["admin","analytics"] → FETCH @ http://localhost:3000/_next/static/chunks/node_modules_next_dist_115brz8._.js:2431
[  346978ms] [WARNING] [useAsyncQuery] Missing meta.preset for key "["admin","analytics","enrollment",1,20]". Defaulting to "list". Add meta: { preset: 'static' | 'user' | 'list' | 'detail' | 'realtime' }. @ http://localhost:3000/_next/static/chunks/node_modules_next_dist_115brz8._.js:2431
[  346979ms] [LOG] [RQ] list ["admin","analytics","enrollment",1,20] → FETCH @ http://localhost:3000/_next/static/chunks/node_modules_next_dist_115brz8._.js:2431
[  346981ms] [WARNING] [useAsyncQuery] Missing meta.preset for key "["admin","schoolYears","list",null]". Defaulting to "list". Add meta: { preset: 'static' | 'user' | 'list' | 'detail' | 'realtime' }. @ http://localhost:3000/_next/static/chunks/node_modules_next_dist_115brz8._.js:2431
[  346982ms] [LOG] [RQ] list ["admin","schoolYears","list",null] → FETCH @ http://localhost:3000/_next/static/chunks/node_modules_next_dist_115brz8._.js:2431
[  346983ms] [WARNING] [useAsyncQuery] Missing meta.preset for key "["admin","organization","detail"]". Defaulting to "list". Add meta: { preset: 'static' | 'user' | 'list' | 'detail' | 'realtime' }. @ http://localhost:3000/_next/static/chunks/node_modules_next_dist_115brz8._.js:2431
[  346984ms] [LOG] [RQ] list ["admin","organization","detail"] → FETCH @ http://localhost:3000/_next/static/chunks/node_modules_next_dist_115brz8._.js:2431
[  346984ms] [WARNING] [useAsyncQuery] Missing meta.preset for key "["admin","analytics"]". Defaulting to "list". Add meta: { preset: 'static' | 'user' | 'list' | 'detail' | 'realtime' }. @ http://localhost:3000/_next/static/chunks/node_modules_next_dist_115brz8._.js:2431
[  346985ms] [LOG] [RQ] list ["admin","analytics"] → FETCH @ http://localhost:3000/_next/static/chunks/node_modules_next_dist_115brz8._.js:2431
[  346986ms] [WARNING] [useAsyncQuery] Missing meta.preset for key "["admin","analytics","enrollment",1,20]". Defaulting to "list". Add meta: { preset: 'static' | 'user' | 'list' | 'detail' | 'realtime' }. @ http://localhost:3000/_next/static/chunks/node_modules_next_dist_115brz8._.js:2431
[  346987ms] [LOG] [RQ] list ["admin","analytics","enrollment",1,20] → FETCH @ http://localhost:3000/_next/static/chunks/node_modules_next_dist_115brz8._.js:2431
[  347286ms] [LOG] [RQ] static ["admin","organization","detail"] → CACHE_HIT @ http://localhost:3000/_next/static/chunks/node_modules_next_dist_115brz8._.js:2431
[  347287ms] [LOG] [RQ] static ["admin","organization","detail"] → CACHE_HIT @ http://localhost:3000/_next/static/chunks/node_modules_next_dist_115brz8._.js:2431
[  347290ms] [WARNING] [useAsyncQuery] Missing meta.preset for key "["admin","schoolYears","list",null]". Defaulting to "list". Add meta: { preset: 'static' | 'user' | 'list' | 'detail' | 'realtime' }. @ http://localhost:3000/_next/static/chunks/node_modules_next_dist_115brz8._.js:2431
[  347291ms] [LOG] [RQ] list ["admin","schoolYears","list",null] → FETCH @ http://localhost:3000/_next/static/chunks/node_modules_next_dist_115brz8._.js:2431
[  347292ms] [WARNING] [useAsyncQuery] Missing meta.preset for key "["admin","organization","detail"]". Defaulting to "list". Add meta: { preset: 'static' | 'user' | 'list' | 'detail' | 'realtime' }. @ http://localhost:3000/_next/static/chunks/node_modules_next_dist_115brz8._.js:2431
[  347292ms] [LOG] [RQ] list ["admin","organization","detail"] → CACHE_HIT @ http://localhost:3000/_next/static/chunks/node_modules_next_dist_115brz8._.js:2431
[  347293ms] [WARNING] [useAsyncQuery] Missing meta.preset for key "["admin","analytics"]". Defaulting to "list". Add meta: { preset: 'static' | 'user' | 'list' | 'detail' | 'realtime' }. @ http://localhost:3000/_next/static/chunks/node_modules_next_dist_115brz8._.js:2431
[  347294ms] [LOG] [RQ] list ["admin","analytics"] → FETCH @ http://localhost:3000/_next/static/chunks/node_modules_next_dist_115brz8._.js:2431
[  347295ms] [WARNING] [useAsyncQuery] Missing meta.preset for key "["admin","analytics","enrollment",1,20]". Defaulting to "list". Add meta: { preset: 'static' | 'user' | 'list' | 'detail' | 'realtime' }. @ http://localhost:3000/_next/static/chunks/node_modules_next_dist_115brz8._.js:2431
[  347296ms] [LOG] [RQ] list ["admin","analytics","enrollment",1,20] → FETCH @ http://localhost:3000/_next/static/chunks/node_modules_next_dist_115brz8._.js:2431
[  347298ms] [WARNING] [useAsyncQuery] Missing meta.preset for key "["admin","schoolYears","list",null]". Defaulting to "list". Add meta: { preset: 'static' | 'user' | 'list' | 'detail' | 'realtime' }. @ http://localhost:3000/_next/static/chunks/node_modules_next_dist_115brz8._.js:2431
[  347298ms] [LOG] [RQ] list ["admin","schoolYears","list",null] → FETCH @ http://localhost:3000/_next/static/chunks/node_modules_next_dist_115brz8._.js:2431
[  347300ms] [WARNING] [useAsyncQuery] Missing meta.preset for key "["admin","organization","detail"]". Defaulting to "list". Add meta: { preset: 'static' | 'user' | 'list' | 'detail' | 'realtime' }. @ http://localhost:3000/_next/static/chunks/node_modules_next_dist_115brz8._.js:2431
[  347300ms] [LOG] [RQ] list ["admin","organization","detail"] → CACHE_HIT @ http://localhost:3000/_next/static/chunks/node_modules_next_dist_115brz8._.js:2431
[  347302ms] [WARNING] [useAsyncQuery] Missing meta.preset for key "["admin","analytics"]". Defaulting to "list". Add meta: { preset: 'static' | 'user' | 'list' | 'detail' | 'realtime' }. @ http://localhost:3000/_next/static/chunks/node_modules_next_dist_115brz8._.js:2431
[  347304ms] [LOG] [RQ] list ["admin","analytics"] → FETCH @ http://localhost:3000/_next/static/chunks/node_modules_next_dist_115brz8._.js:2431
[  347306ms] [WARNING] [useAsyncQuery] Missing meta.preset for key "["admin","analytics","enrollment",1,20]". Defaulting to "list". Add meta: { preset: 'static' | 'user' | 'list' | 'detail' | 'realtime' }. @ http://localhost:3000/_next/static/chunks/node_modules_next_dist_115brz8._.js:2431
[  347307ms] [LOG] [RQ] list ["admin","analytics","enrollment",1,20] → FETCH @ http://localhost:3000/_next/static/chunks/node_modules_next_dist_115brz8._.js:2431
[  347355ms] [WARNING] [useAsyncQuery] Missing meta.preset for key "["admin","organization","detail"]". Defaulting to "list". Add meta: { preset: 'static' | 'user' | 'list' | 'detail' | 'realtime' }. @ http://localhost:3000/_next/static/chunks/node_modules_next_dist_115brz8._.js:2431
[  347356ms] [LOG] [RQ] list ["admin","organization","detail"] → CACHE_HIT @ http://localhost:3000/_next/static/chunks/node_modules_next_dist_115brz8._.js:2431
[  347357ms] [WARNING] [useAsyncQuery] Missing meta.preset for key "["admin","organization","detail"]". Defaulting to "list". Add meta: { preset: 'static' | 'user' | 'list' | 'detail' | 'realtime' }. @ http://localhost:3000/_next/static/chunks/node_modules_next_dist_115brz8._.js:2431
[  347357ms] [LOG] [RQ] list ["admin","organization","detail"] → CACHE_HIT @ http://localhost:3000/_next/static/chunks/node_modules_next_dist_115brz8._.js:2431
[  347376ms] [WARNING] [useAsyncQuery] Missing meta.preset for key "["admin","schoolYears","list",null]". Defaulting to "list". Add meta: { preset: 'static' | 'user' | 'list' | 'detail' | 'realtime' }. @ http://localhost:3000/_next/static/chunks/node_modules_next_dist_115brz8._.js:2431
[  347377ms] [LOG] [RQ] list ["admin","schoolYears","list",null] → FETCH @ http://localhost:3000/_next/static/chunks/node_modules_next_dist_115brz8._.js:2431
[  347378ms] [WARNING] [useAsyncQuery] Missing meta.preset for key "["admin","organization","detail"]". Defaulting to "list". Add meta: { preset: 'static' | 'user' | 'list' | 'detail' | 'realtime' }. @ http://localhost:3000/_next/static/chunks/node_modules_next_dist_115brz8._.js:2431
[  347378ms] [LOG] [RQ] list ["admin","organization","detail"] → CACHE_HIT @ http://localhost:3000/_next/static/chunks/node_modules_next_dist_115brz8._.js:2431
[  347379ms] [WARNING] [useAsyncQuery] Missing meta.preset for key "["admin","analytics"]". Defaulting to "list". Add meta: { preset: 'static' | 'user' | 'list' | 'detail' | 'realtime' }. @ http://localhost:3000/_next/static/chunks/node_modules_next_dist_115brz8._.js:2431
[  347380ms] [LOG] [RQ] list ["admin","analytics"] → FETCH @ http://localhost:3000/_next/static/chunks/node_modules_next_dist_115brz8._.js:2431
[  347381ms] [WARNING] [useAsyncQuery] Missing meta.preset for key "["admin","analytics","enrollment",1,20]". Defaulting to "list". Add meta: { preset: 'static' | 'user' | 'list' | 'detail' | 'realtime' }. @ http://localhost:3000/_next/static/chunks/node_modules_next_dist_115brz8._.js:2431
[  347383ms] [LOG] [RQ] list ["admin","analytics","enrollment",1,20] → FETCH @ http://localhost:3000/_next/static/chunks/node_modules_next_dist_115brz8._.js:2431
[  347385ms] [WARNING] [useAsyncQuery] Missing meta.preset for key "["admin","schoolYears","list",null]". Defaulting to "list". Add meta: { preset: 'static' | 'user' | 'list' | 'detail' | 'realtime' }. @ http://localhost:3000/_next/static/chunks/node_modules_next_dist_115brz8._.js:2431
[  347385ms] [LOG] [RQ] list ["admin","schoolYears","list",null] → FETCH @ http://localhost:3000/_next/static/chunks/node_modules_next_dist_115brz8._.js:2431
[  347386ms] [WARNING] [useAsyncQuery] Missing meta.preset for key "["admin","organization","detail"]". Defaulting to "list". Add meta: { preset: 'static' | 'user' | 'list' | 'detail' | 'realtime' }. @ http://localhost:3000/_next/static/chunks/node_modules_next_dist_115brz8._.js:2431
[  347387ms] [LOG] [RQ] list ["admin","organization","detail"] → CACHE_HIT @ http://localhost:3000/_next/static/chunks/node_modules_next_dist_115brz8._.js:2431
[  347388ms] [WARNING] [useAsyncQuery] Missing meta.preset for key "["admin","analytics"]". Defaulting to "list". Add meta: { preset: 'static' | 'user' | 'list' | 'detail' | 'realtime' }. @ http://localhost:3000/_next/static/chunks/node_modules_next_dist_115brz8._.js:2431
[  347389ms] [LOG] [RQ] list ["admin","analytics"] → FETCH @ http://localhost:3000/_next/static/chunks/node_modules_next_dist_115brz8._.js:2431
[  347390ms] [WARNING] [useAsyncQuery] Missing meta.preset for key "["admin","analytics","enrollment",1,20]". Defaulting to "list". Add meta: { preset: 'static' | 'user' | 'list' | 'detail' | 'realtime' }. @ http://localhost:3000/_next/static/chunks/node_modules_next_dist_115brz8._.js:2431
[  347392ms] [LOG] [RQ] list ["admin","analytics","enrollment",1,20] → FETCH @ http://localhost:3000/_next/static/chunks/node_modules_next_dist_115brz8._.js:2431
[  347409ms] [LOG] [Fast Refresh] rebuilding @ http://localhost:3000/_next/static/chunks/node_modules_next_dist_115brz8._.js:2431
[  347474ms] [LOG] [Fast Refresh] done in 199ms @ http://localhost:3000/_next/static/chunks/node_modules_next_dist_115brz8._.js:2431
[  347581ms] [LOG] [Fast Refresh] rebuilding @ http://localhost:3000/_next/static/chunks/node_modules_next_dist_115brz8._.js:2431
[  347767ms] [LOG] [Fast Refresh] done in 292ms @ http://localhost:3000/_next/static/chunks/node_modules_next_dist_115brz8._.js:2431
[  347871ms] [LOG] [Fast Refresh] rebuilding @ http://localhost:3000/_next/static/chunks/node_modules_next_dist_115brz8._.js:2431
[  347932ms] [LOG] [Fast Refresh] done in 165ms @ http://localhost:3000/_next/static/chunks/node_modules_next_dist_115brz8._.js:2431
[  349804ms] [WARNING] [useAsyncQuery] Missing meta.preset for key "["admin","schoolYears","list",null]". Defaulting to "list". Add meta: { preset: 'static' | 'user' | 'list' | 'detail' | 'realtime' }. @ http://localhost:3000/_next/static/chunks/node_modules_next_dist_115brz8._.js:2431
[  349805ms] [LOG] [RQ] list ["admin","schoolYears","list",null] → CACHE_HIT @ http://localhost:3000/_next/static/chunks/node_modules_next_dist_115brz8._.js:2431
[  349806ms] [WARNING] [useAsyncQuery] Missing meta.preset for key "["admin","organization","detail"]". Defaulting to "list". Add meta: { preset: 'static' | 'user' | 'list' | 'detail' | 'realtime' }. @ http://localhost:3000/_next/static/chunks/node_modules_next_dist_115brz8._.js:2431
[  349807ms] [LOG] [RQ] list ["admin","organization","detail"] → CACHE_HIT @ http://localhost:3000/_next/static/chunks/node_modules_next_dist_115brz8._.js:2431
[  349808ms] [WARNING] [useAsyncQuery] Missing meta.preset for key "["admin","analytics"]". Defaulting to "list". Add meta: { preset: 'static' | 'user' | 'list' | 'detail' | 'realtime' }. @ http://localhost:3000/_next/static/chunks/node_modules_next_dist_115brz8._.js:2431
[  349809ms] [LOG] [RQ] list ["admin","analytics"] → FETCH @ http://localhost:3000/_next/static/chunks/node_modules_next_dist_115brz8._.js:2431
[  349810ms] [WARNING] [useAsyncQuery] Missing meta.preset for key "["admin","analytics","enrollment",1,20]". Defaulting to "list". Add meta: { preset: 'static' | 'user' | 'list' | 'detail' | 'realtime' }. @ http://localhost:3000/_next/static/chunks/node_modules_next_dist_115brz8._.js:2431
[  349810ms] [LOG] [RQ] list ["admin","analytics","enrollment",1,20] → FETCH @ http://localhost:3000/_next/static/chunks/node_modules_next_dist_115brz8._.js:2431
[  349812ms] [WARNING] [useAsyncQuery] Missing meta.preset for key "["admin","schoolYears","list",null]". Defaulting to "list". Add meta: { preset: 'static' | 'user' | 'list' | 'detail' | 'realtime' }. @ http://localhost:3000/_next/static/chunks/node_modules_next_dist_115brz8._.js:2431
[  349813ms] [LOG] [RQ] list ["admin","schoolYears","list",null] → CACHE_HIT @ http://localhost:3000/_next/static/chunks/node_modules_next_dist_115brz8._.js:2431
[  349814ms] [WARNING] [useAsyncQuery] Missing meta.preset for key "["admin","organization","detail"]". Defaulting to "list". Add meta: { preset: 'static' | 'user' | 'list' | 'detail' | 'realtime' }. @ http://localhost:3000/_next/static/chunks/node_modules_next_dist_115brz8._.js:2431
[  349815ms] [LOG] [RQ] list ["admin","organization","detail"] → CACHE_HIT @ http://localhost:3000/_next/static/chunks/node_modules_next_dist_115brz8._.js:2431
[  349816ms] [WARNING] [useAsyncQuery] Missing meta.preset for key "["admin","analytics"]". Defaulting to "list". Add meta: { preset: 'static' | 'user' | 'list' | 'detail' | 'realtime' }. @ http://localhost:3000/_next/static/chunks/node_modules_next_dist_115brz8._.js:2431
[  349817ms] [LOG] [RQ] list ["admin","analytics"] → FETCH @ http://localhost:3000/_next/static/chunks/node_modules_next_dist_115brz8._.js:2431
[  349818ms] [WARNING] [useAsyncQuery] Missing meta.preset for key "["admin","analytics","enrollment",1,20]". Defaulting to "list". Add meta: { preset: 'static' | 'user' | 'list' | 'detail' | 'realtime' }. @ http://localhost:3000/_next/static/chunks/node_modules_next_dist_115brz8._.js:2431
[  349818ms] [LOG] [RQ] list ["admin","analytics","enrollment",1,20] → FETCH @ http://localhost:3000/_next/static/chunks/node_modules_next_dist_115brz8._.js:2431
[  349889ms] [WARNING] [useAsyncQuery] Missing meta.preset for key "["admin","schoolYears","list",null]". Defaulting to "list". Add meta: { preset: 'static' | 'user' | 'list' | 'detail' | 'realtime' }. @ http://localhost:3000/_next/static/chunks/node_modules_next_dist_115brz8._.js:2431
[  349898ms] [LOG] [RQ] list ["admin","schoolYears","list",null] → CACHE_HIT @ http://localhost:3000/_next/static/chunks/node_modules_next_dist_115brz8._.js:2431
[  349899ms] [WARNING] [useAsyncQuery] Missing meta.preset for key "["admin","organization","detail"]". Defaulting to "list". Add meta: { preset: 'static' | 'user' | 'list' | 'detail' | 'realtime' }. @ http://localhost:3000/_next/static/chunks/node_modules_next_dist_115brz8._.js:2431
[  349900ms] [LOG] [RQ] list ["admin","organization","detail"] → CACHE_HIT @ http://localhost:3000/_next/static/chunks/node_modules_next_dist_115brz8._.js:2431
[  349903ms] [WARNING] [useAsyncQuery] Missing meta.preset for key "["admin","analytics","detail","e27f44c5-044a-5dda-80d1-ccd4bb324163"]". Defaulting to "list". Add meta: { preset: 'static' | 'user' | 'list' | 'detail' | 'realtime' }. @ http://localhost:3000/_next/static/chunks/node_modules_next_dist_115brz8._.js:2431
[  349907ms] [LOG] [RQ] list ["admin","analytics","detail","e27f44c5-044a-5dda-80d1-ccd4bb324163"] → FETCH @ http://localhost:3000/_next/static/chunks/node_modules_next_dist_115brz8._.js:2431
[  349909ms] [WARNING] [useAsyncQuery] Missing meta.preset for key "["admin","analytics","enrollment","e27f44c5-044a-5dda-80d1-ccd4bb324163",1,20]". Defaulting to "list". Add meta: { preset: 'static' | 'user' | 'list' | 'detail' | 'realtime' }. @ http://localhost:3000/_next/static/chunks/node_modules_next_dist_115brz8._.js:2431
[  349910ms] [LOG] [RQ] list ["admin","analytics","enrollment","e27f44c5-044a-5dda-80d1-ccd4bb324163",1,20] → FETCH @ http://localhost:3000/_next/static/chunks/node_modules_next_dist_115brz8._.js:2431
[  349913ms] [WARNING] [useAsyncQuery] Missing meta.preset for key "["admin","schoolYears","list",null]". Defaulting to "list". Add meta: { preset: 'static' | 'user' | 'list' | 'detail' | 'realtime' }. @ http://localhost:3000/_next/static/chunks/node_modules_next_dist_115brz8._.js:2431
[  349917ms] [LOG] [RQ] list ["admin","schoolYears","list",null] → CACHE_HIT @ http://localhost:3000/_next/static/chunks/node_modules_next_dist_115brz8._.js:2431
[  349918ms] [WARNING] [useAsyncQuery] Missing meta.preset for key "["admin","organization","detail"]". Defaulting to "list". Add meta: { preset: 'static' | 'user' | 'list' | 'detail' | 'realtime' }. @ http://localhost:3000/_next/static/chunks/node_modules_next_dist_115brz8._.js:2431
[  349920ms] [LOG] [RQ] list ["admin","organization","detail"] → CACHE_HIT @ http://localhost:3000/_next/static/chunks/node_modules_next_dist_115brz8._.js:2431
[  349921ms] [WARNING] [useAsyncQuery] Missing meta.preset for key "["admin","analytics","detail","e27f44c5-044a-5dda-80d1-ccd4bb324163"]". Defaulting to "list". Add meta: { preset: 'static' | 'user' | 'list' | 'detail' | 'realtime' }. @ http://localhost:3000/_next/static/chunks/node_modules_next_dist_115brz8._.js:2431
[  349922ms] [LOG] [RQ] list ["admin","analytics","detail","e27f44c5-044a-5dda-80d1-ccd4bb324163"] → FETCH @ http://localhost:3000/_next/static/chunks/node_modules_next_dist_115brz8._.js:2431
[  349925ms] [WARNING] [useAsyncQuery] Missing meta.preset for key "["admin","analytics","enrollment","e27f44c5-044a-5dda-80d1-ccd4bb324163",1,20]". Defaulting to "list". Add meta: { preset: 'static' | 'user' | 'list' | 'detail' | 'realtime' }. @ http://localhost:3000/_next/static/chunks/node_modules_next_dist_115brz8._.js:2431
[  349926ms] [LOG] [RQ] list ["admin","analytics","enrollment","e27f44c5-044a-5dda-80d1-ccd4bb324163",1,20] → FETCH @ http://localhost:3000/_next/static/chunks/node_modules_next_dist_115brz8._.js:2431
[  350018ms] [WARNING] [useAsyncQuery] Missing meta.preset for key "["admin","schoolYears","list",null]". Defaulting to "list". Add meta: { preset: 'static' | 'user' | 'list' | 'detail' | 'realtime' }. @ http://localhost:3000/_next/static/chunks/node_modules_next_dist_115brz8._.js:2431
[  350020ms] [LOG] [RQ] list ["admin","schoolYears","list",null] → CACHE_HIT @ http://localhost:3000/_next/static/chunks/node_modules_next_dist_115brz8._.js:2431
[  350021ms] [WARNING] [useAsyncQuery] Missing meta.preset for key "["admin","organization","detail"]". Defaulting to "list". Add meta: { preset: 'static' | 'user' | 'list' | 'detail' | 'realtime' }. @ http://localhost:3000/_next/static/chunks/node_modules_next_dist_115brz8._.js:2431
[  350022ms] [LOG] [RQ] list ["admin","organization","detail"] → CACHE_HIT @ http://localhost:3000/_next/static/chunks/node_modules_next_dist_115brz8._.js:2431
[  350023ms] [WARNING] [useAsyncQuery] Missing meta.preset for key "["admin","analytics","detail","e27f44c5-044a-5dda-80d1-ccd4bb324163"]". Defaulting to "list". Add meta: { preset: 'static' | 'user' | 'list' | 'detail' | 'realtime' }. @ http://localhost:3000/_next/static/chunks/node_modules_next_dist_115brz8._.js:2431
[  350024ms] [LOG] [RQ] list ["admin","analytics","detail","e27f44c5-044a-5dda-80d1-ccd4bb324163"] → FETCH @ http://localhost:3000/_next/static/chunks/node_modules_next_dist_115brz8._.js:2431
[  350025ms] [WARNING] [useAsyncQuery] Missing meta.preset for key "["admin","analytics","enrollment","e27f44c5-044a-5dda-80d1-ccd4bb324163",1,20]". Defaulting to "list". Add meta: { preset: 'static' | 'user' | 'list' | 'detail' | 'realtime' }. @ http://localhost:3000/_next/static/chunks/node_modules_next_dist_115brz8._.js:2431
[  350026ms] [LOG] [RQ] list ["admin","analytics","enrollment","e27f44c5-044a-5dda-80d1-ccd4bb324163",1,20] → FETCH @ http://localhost:3000/_next/static/chunks/node_modules_next_dist_115brz8._.js:2431
[  350027ms] [WARNING] [useAsyncQuery] Missing meta.preset for key "["admin","schoolYears","list",null]". Defaulting to "list". Add meta: { preset: 'static' | 'user' | 'list' | 'detail' | 'realtime' }. @ http://localhost:3000/_next/static/chunks/node_modules_next_dist_115brz8._.js:2431
[  350028ms] [LOG] [RQ] list ["admin","schoolYears","list",null] → CACHE_HIT @ http://localhost:3000/_next/static/chunks/node_modules_next_dist_115brz8._.js:2431
[  350029ms] [WARNING] [useAsyncQuery] Missing meta.preset for key "["admin","organization","detail"]". Defaulting to "list". Add meta: { preset: 'static' | 'user' | 'list' | 'detail' | 'realtime' }. @ http://localhost:3000/_next/static/chunks/node_modules_next_dist_115brz8._.js:2431
[  350030ms] [LOG] [RQ] list ["admin","organization","detail"] → CACHE_HIT @ http://localhost:3000/_next/static/chunks/node_modules_next_dist_115brz8._.js:2431
[  350031ms] [WARNING] [useAsyncQuery] Missing meta.preset for key "["admin","analytics","detail","e27f44c5-044a-5dda-80d1-ccd4bb324163"]". Defaulting to "list". Add meta: { preset: 'static' | 'user' | 'list' | 'detail' | 'realtime' }. @ http://localhost:3000/_next/static/chunks/node_modules_next_dist_115brz8._.js:2431
[  350031ms] [LOG] [RQ] list ["admin","analytics","detail","e27f44c5-044a-5dda-80d1-ccd4bb324163"] → FETCH @ http://localhost:3000/_next/static/chunks/node_modules_next_dist_115brz8._.js:2431
[  350032ms] [WARNING] [useAsyncQuery] Missing meta.preset for key "["admin","analytics","enrollment","e27f44c5-044a-5dda-80d1-ccd4bb324163",1,20]". Defaulting to "list". Add meta: { preset: 'static' | 'user' | 'list' | 'detail' | 'realtime' }. @ http://localhost:3000/_next/static/chunks/node_modules_next_dist_115brz8._.js:2431
[  350033ms] [LOG] [RQ] list ["admin","analytics","enrollment","e27f44c5-044a-5dda-80d1-ccd4bb324163",1,20] → FETCH @ http://localhost:3000/_next/static/chunks/node_modules_next_dist_115brz8._.js:2431
[  350939ms] [WARNING] [useAsyncQuery] Missing meta.preset for key "["admin","schoolYears","list",null]". Defaulting to "list". Add meta: { preset: 'static' | 'user' | 'list' | 'detail' | 'realtime' }. @ http://localhost:3000/_next/static/chunks/node_modules_next_dist_115brz8._.js:2431
[  350940ms] [LOG] [RQ] list ["admin","schoolYears","list",null] → CACHE_HIT @ http://localhost:3000/_next/static/chunks/node_modules_next_dist_115brz8._.js:2431
[  350941ms] [WARNING] [useAsyncQuery] Missing meta.preset for key "["admin","organization","detail"]". Defaulting to "list". Add meta: { preset: 'static' | 'user' | 'list' | 'detail' | 'realtime' }. @ http://localhost:3000/_next/static/chunks/node_modules_next_dist_115brz8._.js:2431
[  350943ms] [LOG] [RQ] list ["admin","organization","detail"] → CACHE_HIT @ http://localhost:3000/_next/static/chunks/node_modules_next_dist_115brz8._.js:2431
[  350944ms] [WARNING] [useAsyncQuery] Missing meta.preset for key "["admin","analytics","detail","e27f44c5-044a-5dda-80d1-ccd4bb324163"]". Defaulting to "list". Add meta: { preset: 'static' | 'user' | 'list' | 'detail' | 'realtime' }. @ http://localhost:3000/_next/static/chunks/node_modules_next_dist_115brz8._.js:2431
[  350944ms] [LOG] [RQ] list ["admin","analytics","detail","e27f44c5-044a-5dda-80d1-ccd4bb324163"] → CACHE_HIT @ http://localhost:3000/_next/static/chunks/node_modules_next_dist_115brz8._.js:2431
[  350945ms] [WARNING] [useAsyncQuery] Missing meta.preset for key "["admin","analytics","enrollment","e27f44c5-044a-5dda-80d1-ccd4bb324163",1,20]". Defaulting to "list". Add meta: { preset: 'static' | 'user' | 'list' | 'detail' | 'realtime' }. @ http://localhost:3000/_next/static/chunks/node_modules_next_dist_115brz8._.js:2431
[  350946ms] [LOG] [RQ] list ["admin","analytics","enrollment","e27f44c5-044a-5dda-80d1-ccd4bb324163",1,20] → FETCH @ http://localhost:3000/_next/static/chunks/node_modules_next_dist_115brz8._.js:2431
[  350951ms] [WARNING] [useAsyncQuery] Missing meta.preset for key "["admin","schoolYears","list",null]". Defaulting to "list". Add meta: { preset: 'static' | 'user' | 'list' | 'detail' | 'realtime' }. @ http://localhost:3000/_next/static/chunks/node_modules_next_dist_115brz8._.js:2431
[  350952ms] [LOG] [RQ] list ["admin","schoolYears","list",null] → CACHE_HIT @ http://localhost:3000/_next/static/chunks/node_modules_next_dist_115brz8._.js:2431
[  350953ms] [WARNING] [useAsyncQuery] Missing meta.preset for key "["admin","organization","detail"]". Defaulting to "list". Add meta: { preset: 'static' | 'user' | 'list' | 'detail' | 'realtime' }. @ http://localhost:3000/_next/static/chunks/node_modules_next_dist_115brz8._.js:2431
[  350954ms] [LOG] [RQ] list ["admin","organization","detail"] → CACHE_HIT @ http://localhost:3000/_next/static/chunks/node_modules_next_dist_115brz8._.js:2431
[  350956ms] [WARNING] [useAsyncQuery] Missing meta.preset for key "["admin","analytics","detail","e27f44c5-044a-5dda-80d1-ccd4bb324163"]". Defaulting to "list". Add meta: { preset: 'static' | 'user' | 'list' | 'detail' | 'realtime' }. @ http://localhost:3000/_next/static/chunks/node_modules_next_dist_115brz8._.js:2431
[  350958ms] [LOG] [RQ] list ["admin","analytics","detail","e27f44c5-044a-5dda-80d1-ccd4bb324163"] → CACHE_HIT @ http://localhost:3000/_next/static/chunks/node_modules_next_dist_115brz8._.js:2431
[  350959ms] [WARNING] [useAsyncQuery] Missing meta.preset for key "["admin","analytics","enrollment","e27f44c5-044a-5dda-80d1-ccd4bb324163",1,20]". Defaulting to "list". Add meta: { preset: 'static' | 'user' | 'list' | 'detail' | 'realtime' }. @ http://localhost:3000/_next/static/chunks/node_modules_next_dist_115brz8._.js:2431
[  350960ms] [LOG] [RQ] list ["admin","analytics","enrollment","e27f44c5-044a-5dda-80d1-ccd4bb324163",1,20] → FETCH @ http://localhost:3000/_next/static/chunks/node_modules_next_dist_115brz8._.js:2431
[  351805ms] [WARNING] [useAsyncQuery] Missing meta.preset for key "["admin","schoolYears","list",null]". Defaulting to "list". Add meta: { preset: 'static' | 'user' | 'list' | 'detail' | 'realtime' }. @ http://localhost:3000/_next/static/chunks/node_modules_next_dist_115brz8._.js:2431
[  351806ms] [LOG] [RQ] list ["admin","schoolYears","list",null] → CACHE_HIT @ http://localhost:3000/_next/static/chunks/node_modules_next_dist_115brz8._.js:2431
[  351807ms] [WARNING] [useAsyncQuery] Missing meta.preset for key "["admin","organization","detail"]". Defaulting to "list". Add meta: { preset: 'static' | 'user' | 'list' | 'detail' | 'realtime' }. @ http://localhost:3000/_next/static/chunks/node_modules_next_dist_115brz8._.js:2431
[  351807ms] [LOG] [RQ] list ["admin","organization","detail"] → CACHE_HIT @ http://localhost:3000/_next/static/chunks/node_modules_next_dist_115brz8._.js:2431
[  351808ms] [WARNING] [useAsyncQuery] Missing meta.preset for key "["admin","analytics","detail","e27f44c5-044a-5dda-80d1-ccd4bb324163"]". Defaulting to "list". Add meta: { preset: 'static' | 'user' | 'list' | 'detail' | 'realtime' }. @ http://localhost:3000/_next/static/chunks/node_modules_next_dist_115brz8._.js:2431
[  351809ms] [LOG] [RQ] list ["admin","analytics","detail","e27f44c5-044a-5dda-80d1-ccd4bb324163"] → CACHE_HIT @ http://localhost:3000/_next/static/chunks/node_modules_next_dist_115brz8._.js:2431
[  351810ms] [WARNING] [useAsyncQuery] Missing meta.preset for key "["admin","analytics","enrollment","e27f44c5-044a-5dda-80d1-ccd4bb324163",1,20]". Defaulting to "list". Add meta: { preset: 'static' | 'user' | 'list' | 'detail' | 'realtime' }. @ http://localhost:3000/_next/static/chunks/node_modules_next_dist_115brz8._.js:2431
[  351811ms] [LOG] [RQ] list ["admin","analytics","enrollment","e27f44c5-044a-5dda-80d1-ccd4bb324163",1,20] → CACHE_HIT @ http://localhost:3000/_next/static/chunks/node_modules_next_dist_115brz8._.js:2431
[  351813ms] [WARNING] [useAsyncQuery] Missing meta.preset for key "["admin","schoolYears","list",null]". Defaulting to "list". Add meta: { preset: 'static' | 'user' | 'list' | 'detail' | 'realtime' }. @ http://localhost:3000/_next/static/chunks/node_modules_next_dist_115brz8._.js:2431
[  351815ms] [LOG] [RQ] list ["admin","schoolYears","list",null] → CACHE_HIT @ http://localhost:3000/_next/static/chunks/node_modules_next_dist_115brz8._.js:2431
[  351816ms] [WARNING] [useAsyncQuery] Missing meta.preset for key "["admin","organization","detail"]". Defaulting to "list". Add meta: { preset: 'static' | 'user' | 'list' | 'detail' | 'realtime' }. @ http://localhost:3000/_next/static/chunks/node_modules_next_dist_115brz8._.js:2431
[  351817ms] [LOG] [RQ] list ["admin","organization","detail"] → CACHE_HIT @ http://localhost:3000/_next/static/chunks/node_modules_next_dist_115brz8._.js:2431
[  351818ms] [WARNING] [useAsyncQuery] Missing meta.preset for key "["admin","analytics","detail","e27f44c5-044a-5dda-80d1-ccd4bb324163"]". Defaulting to "list". Add meta: { preset: 'static' | 'user' | 'list' | 'detail' | 'realtime' }. @ http://localhost:3000/_next/static/chunks/node_modules_next_dist_115brz8._.js:2431
[  351818ms] [LOG] [RQ] list ["admin","analytics","detail","e27f44c5-044a-5dda-80d1-ccd4bb324163"] → CACHE_HIT @ http://localhost:3000/_next/static/chunks/node_modules_next_dist_115brz8._.js:2431
[  351820ms] [WARNING] [useAsyncQuery] Missing meta.preset for key "["admin","analytics","enrollment","e27f44c5-044a-5dda-80d1-ccd4bb324163",1,20]". Defaulting to "list". Add meta: { preset: 'static' | 'user' | 'list' | 'detail' | 'realtime' }. @ http://localhost:3000/_next/static/chunks/node_modules_next_dist_115brz8._.js:2431
[  351821ms] [LOG] [RQ] list ["admin","analytics","enrollment","e27f44c5-044a-5dda-80d1-ccd4bb324163",1,20] → CACHE_HIT @ http://localhost:3000/_next/static/chunks/node_modules_next_dist_115brz8._.js:2431
